node.exe : npm warn Unknown cli config "--maxWorkers". This will stop working 
in the next major version of npm.
At C:\Program Files\nodejs\npm.ps1:29 char:3
+   & $NODE_EXE $NPM_CLI_JS $args
+   ~~~~~~~~~~~~~~~~~~~~~~~~~~~~~
    + CategoryInfo          : NotSpecified: (npm warn Unknow...version of npm. 
   :String) [], RemoteException
    + FullyQualifiedErrorId : NativeCommandError
 
npm warn Unknown cli config "--testTimeout". This will stop working in the 
next major version of npm.

> clouddocs-backend@1.0.0 test
> cross-env NODE_ENV=test jest --detectOpenHandles --runInBand

  console.log
    [ai-controller] Document 60a7c0c5f1d2a3b4c5d6e7f8 processed: 5 chunks

      at Object.processDocument (src/controllers/ai.controller.ts:220:13)

  console.log
    [ai-controller] Deleted 5 chunks from document 60a7c0c5f1d2a3b4c5d6e7f8

      at Object.deleteDocumentChunks (src/controllers/ai.controller.ts:283:13)

  console.log
    [ai-controller] Extracted text from document 60a7c0c5f1d2a3b4c5d6e7f8: 23 chars

      at Object.extractDocumentText (src/controllers/ai.controller.ts:355:13)

FAIL tests/unit/controllers/ai.controller.test.ts (5.555 s)
  AI Controller
    askQuestion
      ΓêÜ should answer a question using RAG (6 ms)
      ΓêÜ should return 400 if question is missing (2 ms)
      ΓêÜ should return 400 if organizationId is missing (1 ms)
      ΓêÜ should return 403 if user is not member of organization (1 ms)
      ΓêÜ should handle RAG service errors (2 ms)
      ΓêÜ should handle empty question (1 ms)
      ├ù should trim whitespace from question (2 ms)
    askQuestionInDocument
      ΓêÜ should answer question about specific document (1 ms)
      ΓêÜ should return 400 if question is missing (2 ms)
      ΓêÜ should return 404 if document not found (2 ms)
      ΓêÜ should return 403 if user has no access to document (1 ms)
    processDocument
      ΓêÜ should process document with text content (17 ms)
      ΓêÜ should return 400 if text content is missing (1 ms)
      ΓêÜ should return 400 if text content is empty (1 ms)
      ΓêÜ should handle processing errors (1 ms)
    deleteDocumentChunks
      ΓêÜ should delete document chunks (2 ms)
      ΓêÜ should return 404 if document not found (2 ms)
    extractDocumentText
      ΓêÜ should extract text from document (2 ms)
      ΓêÜ should handle extraction errors (2 ms)

  ΓùÅ AI Controller ΓÇ║ askQuestion ΓÇ║ should trim whitespace from question

    expect(jest.fn()).toHaveBeenCalledWith(...expected)

    Expected: "  What is AI?  "
    Received: "  What is AI?  ", "org123"

    Number of calls: 1

    [0m [90m 138 |[39m       [36mawait[39m 
aiController[33m.[39maskQuestion(mockReq [36mas[39m 
[33mRequest[39m[33m,[39m mockRes [36mas[39m 
[33mResponse[39m[33m,[39m mockNext)[33m;[39m
     [90m 139 |[39m
    [31m[1m>[22m[39m[90m 140 |[39m       expect(ragService[33m.[39mansw
erQuestion)[33m.[39mtoHaveBeenCalledWith([32m'  What is AI?  
'[39m)[33m;[39m
     [90m     |[39m                                         
[31m[1m^[22m[39m
     [90m 141 |[39m     })[33m;[39m
     [90m 142 |[39m   })[33m;[39m
     [90m 143 |[39m[0m

      at Object.<anonymous> 
(tests/unit/controllers/ai.controller.test.ts:140:41)

  console.log
    [ai-provider-factory] AI provider reset

      at resetAIProvider (src/services/ai/providers/provider.factory.ts:68:11)

  console.log
    [ai-provider-factory] Initializing AI provider: ollama

      at getAIProvider (src/services/ai/providers/provider.factory.ts:37:11)

  console.log
    [ollama-provider] Initialized with chat model: llama3.2:3b, embedding model: nomic-embed-text

      at new OllamaProvider (src/services/ai/providers/ollama.provider.ts:44:13)

  console.log
    [ai-provider-factory] AI provider initialized: ollama

      at getAIProvider (src/services/ai/providers/provider.factory.ts:58:11)

  console.log
    [ai-provider-factory] Provider ollama is available

      at checkAIProviderAvailability (src/services/ai/providers/provider.factory.ts:87:13)

  console.log
    [ollama-provider] Generating response with llama3.2:3b...

      at OllamaProvider.generateResponse (src/services/ai/providers/ollama.provider.ts:137:15)

  console.log
    [ollama-provider] Generating response with llama3.2:3b...

      at OllamaProvider.generateResponse (src/services/ai/providers/ollama.provider.ts:137:15)

  console.log
    [ollama-provider] Generating response with llama3.2:3b...

      at OllamaProvider.generateResponse (src/services/ai/providers/ollama.provider.ts:137:15)

  console.log
    [ollama-provider] Generating response with llama3.2:3b...

      at OllamaProvider.generateResponse (src/services/ai/providers/ollama.provider.ts:137:15)

  console.log
    [ollama-provider] Generating response with llama3.2:3b...

      at OllamaProvider.generateResponse (src/services/ai/providers/ollama.provider.ts:137:15)

  console.log
    [ollama-provider] Generating response with llama3.2:3b...

      at OllamaProvider.generateResponse (src/services/ai/providers/ollama.provider.ts:137:15)

  console.log
    [ollama-provider] Generating response with llama3.2:3b...

      at OllamaProvider.generateResponse (src/services/ai/providers/ollama.provider.ts:137:15)

  console.error
    [ollama-provider] Failed to parse classification: {
      "category": "Contrato",
      "confidence": 0.95,
      "tags": ["Documentos legales", "Acuerdos comerciales"]

    [0m [90m 28 |[39m     [36mreturn[39m[33m;[39m [90m// suppress in tests[39m
     [90m 29 |[39m   }
    [31m[1m>[22m[39m[90m 30 |[39m   originalConsoleError([33m...[39margs)[33m;[39m
     [90m    |[39m   [31m[1m^[22m[39m
     [90m 31 |[39m }[33m;[39m
     [90m 32 |[39m
     [90m 33 |[39m [90m// Mock email service to avoid real SMTP attempts during tests[39m[0m

      at console.Object.<anonymous>.console.error (tests/jest.setup.ts:30:3)
      at OllamaProvider.classifyDocument (src/services/ai/providers/ollama.provider.ts:214:15)
      at Object.<anonymous> (tests/integration/ai/ollama.provider.test.ts:160:22)

  console.log
    [ollama-provider] Generating response with llama3.2:3b...

      at OllamaProvider.generateResponse (src/services/ai/providers/ollama.provider.ts:137:15)

  console.log
    [ollama-provider] Generating response with nonexistent-model...

      at OllamaProvider.generateResponse (src/services/ai/providers/ollama.provider.ts:137:15)

  console.error
    [ollama-provider] Error generating response: model 'nonexistent-model' not found

    [0m [90m 28 |[39m     [36mreturn[39m[33m;[39m [90m// suppress in tests[39m
     [90m 29 |[39m   }
    [31m[1m>[22m[39m[90m 30 |[39m   originalConsoleError([33m...[39margs)[33m;[39m
     [90m    |[39m   [31m[1m^[22m[39m
     [90m 31 |[39m }[33m;[39m
     [90m 32 |[39m
     [90m 33 |[39m [90m// Mock email service to avoid real SMTP attempts during tests[39m[0m

      at console.Object.<anonymous>.console.error (tests/jest.setup.ts:30:3)
      at OllamaProvider.generateResponse (src/services/ai/providers/ollama.provider.ts:164:15)
      at Object.<anonymous> (tests/integration/ai/ollama.provider.test.ts:207:7)

  console.log
    [ai-provider-factory] AI provider reset

      at resetAIProvider (src/services/ai/providers/provider.factory.ts:68:11)

  console.log
    [ai-provider-factory] Initializing AI provider: ollama

      at getAIProvider (src/services/ai/providers/provider.factory.ts:37:11)

  console.error
    [ai-provider-factory] Provider check failed: Unknown error

    [0m [90m 28 |[39m     [36mreturn[39m[33m;[39m [90m// suppress in tests[39m
     [90m 29 |[39m   }
    [31m[1m>[22m[39m[90m 30 |[39m   originalConsoleError([33m...[39margs)[33m;[39m
     [90m    |[39m   [31m[1m^[22m[39m
     [90m 31 |[39m }[33m;[39m
     [90m 32 |[39m
     [90m 33 |[39m [90m// Mock email service to avoid real SMTP attempts during tests[39m[0m

      at console.Object.<anonymous>.console.error (tests/jest.setup.ts:30:3)
      at checkAIProviderAvailability (src/services/ai/providers/provider.factory.ts:91:13)
      at Object.<anonymous> (tests/integration/ai/ollama.provider.test.ts:220:58)

PASS tests/integration/ai/ollama.provider.test.ts (43.94 s)
  Ollama Provider Integration
    Connection
      ΓêÜ should connect to Ollama server (65 ms)
      ΓêÜ should have correct configuration (2 ms)
    Embeddings
      ΓêÜ should generate embedding with nomic-embed-text (768 dims) (605 ms)
      ΓêÜ should generate embeddings in batch (61 ms)
      ΓêÜ should throw error for empty text (21 ms)
      ΓêÜ should generate different embeddings for different texts (72 ms)
    Chat/Text Generation
      ΓêÜ should generate response with llama3.2:3b (4371 ms)
      ΓêÜ should respect temperature parameter (3631 ms)
      ΓêÜ should respect max tokens parameter (3323 ms)
      ΓêÜ should use system message when provided (10279 ms)
    Document Classification
      ΓêÜ should classify invoice correctly (5829 ms)
      ΓêÜ should classify contract correctly (4167 ms)
    Document Summarization
      ΓêÜ should summarize document correctly (11210 ms)
    Error Handling
      ΓêÜ should throw error for empty prompt (3 ms)
      ΓêÜ should throw error for empty text in embedding (4 ms)
      ΓêÜ should throw error for empty array in batch embeddings (4 ms)
      ΓêÜ should handle invalid model gracefully (26 ms)
  Ollama Provider - Fallback Behavior
    ΓêÜ should handle Ollama server not running (9 ms)

PASS tests/integration/memberships.test.ts (38.702 s)
  Membership Endpoints
    GET /api/memberships/my-organizations
      ΓêÜ should return all organizations where user is member (1578 ms)
      ΓêÜ should fail without authentication (1008 ms)
    GET /api/memberships/active-organization
      ΓêÜ should return active organization for user (1020 ms)
      ΓêÜ should fail without authentication (1003 ms)
    POST /api/memberships/set-active
      ΓêÜ should switch active organization successfully (958 ms)
      ΓêÜ should fail without organizationId (1168 ms)
      ΓêÜ should fail for organization where user is not member (1073 ms)
      ΓêÜ should fail without authentication (922 ms)
    GET /api/memberships/organization/:organizationId/members
      ΓêÜ should return all members of organization (1044 ms)
      ΓêÜ should fail for non-member user (1143 ms)
      ΓêÜ should fail without authentication (879 ms)
    POST /api/memberships/organization/:organizationId/members
      ΓêÜ should invite user to organization successfully (as owner) (1135 ms)
      ΓêÜ should invite user with admin role (as owner) (1641 ms)
      ΓêÜ should fail without userId (1029 ms)
      ΓêÜ should fail if user already member (980 ms)
      ΓêÜ should fail without authentication (1167 ms)
    PATCH /api/memberships/organization/:organizationId/members/:membershipId
      ΓêÜ should update member role successfully (as owner) (1021 ms)
      ΓêÜ should fail without role in body (1274 ms)
      ΓêÜ should fail when trying to change owner role (1170 ms)
      ΓêÜ should fail for non-owner user (1084 ms)
      ΓêÜ should fail with invalid membershipId (1125 ms)
      ΓêÜ should fail without authentication (1052 ms)
    DELETE /api/memberships/organization/:organizationId/members/:membershipId
      ΓêÜ should remove member successfully (as owner) (1389 ms)
      ΓêÜ should remove member successfully (as admin) (1668 ms)
      ΓêÜ should fail when trying to remove owner (1138 ms)
      ΓêÜ should fail for regular member (1231 ms)
      ΓêÜ should fail with invalid membershipId (1012 ms)
      ΓêÜ should fail without authentication (981 ms)
    DELETE /api/memberships/:organizationId/leave
      ΓêÜ should allow member to leave organization (1306 ms)
      ΓêÜ should fail when owner tries to leave (1004 ms)
      ΓêÜ should fail without authentication (1023 ms)

PASS tests/integration/memberships.cleanup.test.ts (9.156 s)
  Membership Removal - Data Cleanup
    Should delete all user data when removing membership
      ΓêÜ should delete rootFolder from database (1064 ms)
      ΓêÜ should delete subcarpetas from database (863 ms)
      ΓêÜ should delete documents from database (744 ms)
      ΓêÜ should delete membership permanently from database (705 ms)
      ΓêÜ should delete physical storage directory (821 ms)
      ΓêÜ should remove user from organization members array (718 ms)
      ΓêÜ should clean user.organization reference if it was active (791 ms)
    Should handle nested folders and documents
      ΓêÜ should delete all nested folders and documents (1004 ms)
    When user leaves organization voluntarily
      ΓêÜ should clean all data when user leaves (808 ms)

  console.log
    ≡ƒùæ∩╕Å POST /:id/trash endpoint hit! ID: 69985ad35bfe77b732d98fa7

      at src/routes/deletion.routes.ts:26:13

  console.log
    ≡ƒùæ∩╕Å POST /:id/trash endpoint hit! ID: 507f1f77bcf86cd799439011

      at src/routes/deletion.routes.ts:26:13

  console.log
    ≡ƒùæ∩╕Å POST /:id/trash endpoint hit! ID: 69985ad45bfe77b732d99009

      at src/routes/deletion.routes.ts:26:13

  console.log
    ≡ƒùæ∩╕Å POST /:id/trash endpoint hit! ID: 69985ad45bfe77b732d99009

      at src/routes/deletion.routes.ts:26:13

  console.log
    ≡ƒùæ∩╕Å POST /:id/trash endpoint hit! ID: 69985ad55bfe77b732d9903d

      at src/routes/deletion.routes.ts:26:13

  console.log
    ≡ƒùæ∩╕Å POST /:id/trash endpoint hit! ID: 69985ad55bfe77b732d99075

      at src/routes/deletion.routes.ts:26:13

  console.log
    ≡ƒùæ∩╕Å POST /:id/trash endpoint hit! ID: 69985ad65bfe77b732d990ae

      at src/routes/deletion.routes.ts:26:13

  console.log
    ≡ƒùæ∩╕Å POST /:id/trash endpoint hit! ID: 69985ad65bfe77b732d990e6

      at src/routes/deletion.routes.ts:26:13

  console.log
    ≡ƒùæ∩╕Å POST /:id/trash endpoint hit! ID: 69985ad75bfe77b732d99122

      at src/routes/deletion.routes.ts:26:13

  console.log
    ≡ƒùæ∩╕Å POST /:id/trash endpoint hit! ID: 69985ad75bfe77b732d9915b

      at src/routes/deletion.routes.ts:26:13

  console.warn
    File not found during secure deletion: /test-org-1771592407609/69985ad75bfe77b732d9913c/f8dbf91f-a0af-4589-88ca-cd6b64a9d963.pdf

    [0m [90m 277 |[39m       [36mif[39m (error[33m.[39mcode [33m===[39m [32m'ENOENT'[39m) {
     [90m 278 |[39m         [90m// El archivo ya no existe, continuar[39m
    [31m[1m>[22m[39m[90m 279 |[39m         console[33m.[39mwarn([32m`File not found during secure deletion: ${filePath}`[39m)[33m;[39m
     [90m     |[39m                 [31m[1m^[22m[39m
     [90m 280 |[39m       } [36melse[39m {
     [90m 281 |[39m         [36mthrow[39m error[33m;[39m
     [90m 282 |[39m       }[0m

      at DeletionService.secureOverwriteFile (src/services/deletion.service.ts:279:17)
      at DeletionService.permanentDelete (src/services/deletion.service.ts:220:7)
      at permanentDelete (src/controllers/deletion.controller.ts:114:5)

  console.log
    ≡ƒùæ∩╕Å POST /:id/trash endpoint hit! ID: 69985ad85bfe77b732d99195

      at src/routes/deletion.routes.ts:26:13

  console.log
    ≡ƒùæ∩╕Å POST /:id/trash endpoint hit! ID: 69985ad85bfe77b732d991ce

      at src/routes/deletion.routes.ts:26:13

  console.warn
    File not found during secure deletion: /test-org-1771592408647/69985ad85bfe77b732d991af/e2b1bb5c-edae-44d1-a2c8-0416cc5a866b.pdf

    [0m [90m 277 |[39m       [36mif[39m (error[33m.[39mcode [33m===[39m [32m'ENOENT'[39m) {
     [90m 278 |[39m         [90m// El archivo ya no existe, continuar[39m
    [31m[1m>[22m[39m[90m 279 |[39m         console[33m.[39mwarn([32m`File not found during secure deletion: ${filePath}`[39m)[33m;[39m
     [90m     |[39m                 [31m[1m^[22m[39m
     [90m 280 |[39m       } [36melse[39m {
     [90m 281 |[39m         [36mthrow[39m error[33m;[39m
     [90m 282 |[39m       }[0m

      at DeletionService.secureOverwriteFile (src/services/deletion.service.ts:279:17)
      at DeletionService.permanentDelete (src/services/deletion.service.ts:220:7)
      at DeletionService.emptyTrash (src/services/deletion.service.ts:358:9)
      at emptyTrash (src/controllers/deletion.controller.ts:208:26)

  console.log
    ≡ƒùæ∩╕Å POST /:id/trash endpoint hit! ID: 69985ad95bfe77b732d9920c

      at src/routes/deletion.routes.ts:26:13

  console.warn
    File not found during secure deletion: /test-org-1771592409180/69985ad95bfe77b732d991ed/2e4b6d98-7989-45b8-9381-b21375ef18d5.pdf

    [0m [90m 277 |[39m       [36mif[39m (error[33m.[39mcode [33m===[39m [32m'ENOENT'[39m) {
     [90m 278 |[39m         [90m// El archivo ya no existe, continuar[39m
    [31m[1m>[22m[39m[90m 279 |[39m         console[33m.[39mwarn([32m`File not found during secure deletion: ${filePath}`[39m)[33m;[39m
     [90m     |[39m                 [31m[1m^[22m[39m
     [90m 280 |[39m       } [36melse[39m {
     [90m 281 |[39m         [36mthrow[39m error[33m;[39m
     [90m 282 |[39m       }[0m

      at DeletionService.secureOverwriteFile (src/services/deletion.service.ts:279:17)
      at DeletionService.permanentDelete (src/services/deletion.service.ts:220:7)
      at DeletionService.emptyTrash (src/services/deletion.service.ts:358:9)
      at emptyTrash (src/controllers/deletion.controller.ts:208:26)

  console.log
    ≡ƒùæ∩╕Å POST /:id/trash endpoint hit! ID: 69985ada5bfe77b732d9927b

      at src/routes/deletion.routes.ts:26:13

PASS tests/integration/deletion.routes.test.ts (8.625 s)
  Deletion Routes
    POST /api/deletion/:id/trash
      ΓêÜ should move document to trash successfully (776 ms)
      ΓêÜ should return 404 for non-existent document (443 ms)
      ΓêÜ should return 400 if document already in trash (463 ms)
    POST /api/deletion/:id/restore
      ΓêÜ should restore document from trash successfully (483 ms)
      ΓêÜ should return 400 if document is not in trash (490 ms)
    GET /api/deletion/trash
      ΓêÜ should return documents in trash (482 ms)
      ΓêÜ should return empty array when trash is empty (499 ms)
      ΓêÜ should support pagination (529 ms)
    DELETE /api/deletion/:id/permanent
      ΓêÜ should permanently delete document (552 ms)
      ΓêÜ should return 400 if document is not in trash (512 ms)
    DELETE /api/deletion/trash
      ΓêÜ should empty trash successfully (507 ms)
      ΓêÜ should return 0 deleted count when trash is empty (546 ms)
    Authorization
      ΓêÜ should return 401 without auth token (401 ms)
      ΓêÜ should return 403 for unauthorized user (646 ms)

PASS tests/integration/services/user.service.test.ts (7.545 s)
  UserService Integration Tests
    getAllUsers
      ΓêÜ should return all users (255 ms)
      ΓêÜ should return empty array when no users exist (215 ms)
    setUserActive
      ΓêÜ should activate a user (189 ms)
      ΓêÜ should deactivate a user (171 ms)
      ΓêÜ should throw error when user not found (173 ms)
      ΓêÜ should return user without changes if active status is the same (178 
ms)
    updateUser
      ΓêÜ should update user name (188 ms)
      ΓêÜ should update user email (167 ms)
      ΓêÜ should update both name and email (156 ms)
      ΓêÜ should throw error when user not found (153 ms)
      ΓêÜ should not update password field (164 ms)
    changePassword
      ΓêÜ should change password successfully (364 ms)
      ΓêÜ should increment tokenVersion when password changes (314 ms)
      ΓêÜ should update lastPasswordChange timestamp (297 ms)
      ΓêÜ should throw error when current password is incorrect (219 ms)
      ΓêÜ should throw error when user not found (151 ms)
      ΓêÜ should reject weak passwords (222 ms)
      ΓêÜ should reject password without uppercase (215 ms)
      ΓêÜ should reject password without numbers (222 ms)
    deleteUser
      ΓêÜ should delete user successfully (174 ms)
      ΓêÜ should throw error when user not found (150 ms)
    updateAvatar
      ΓêÜ should update avatar URL successfully (162 ms)
      ΓêÜ should update avatar to empty string (167 ms)
      ΓêÜ should accept data URLs as avatars (165 ms)
      ΓêÜ should accept relative paths as avatars (163 ms)
      ΓêÜ should throw error when user not found (159 ms)
      ΓêÜ should trim whitespace from avatar URL (158 ms)
      ΓêÜ should not affect other user fields (166 ms)
      ΓêÜ should update avatar multiple times (231 ms)
      ΓêÜ should handle very long URLs up to 2048 characters (174 ms)
      ΓêÜ should fail when URL exceeds 2048 characters (154 ms)
      ΓêÜ should not expose password in returned user object (162 ms)
      ΓêÜ should work with special characters in URL (167 ms)
      ΓêÜ should handle concurrent updates correctly (228 ms)

  console.log
    [text-extraction] Extracting text from test-ai-doc.txt (text/plain)

      at TextExtractionService.extractText (src/services/ai/text-extraction.service.ts:78:13)

  console.log
    [text-extraction] Extracted 112 chars (19 words)

      at TextExtractionService.extractText (src/services/ai/text-extraction.service.ts:105:15)

  console.log
    [ai-controller] Extracted text from document 69985ae38039a863c984a764: 112 chars

      at extractDocumentText (src/controllers/ai.controller.ts:355:13)

  console.log
    [processor] Splitting document 69985ae48039a863c984a7e2 into chunks...

      at DocumentProcessor.processDocument (src/services/document-processor.service.ts:58:15)

  console.log
    [processor] Created 1 chunks for document 69985ae48039a863c984a7e2

      at DocumentProcessor.processDocument (src/services/document-processor.service.ts:65:15)

  console.log
    [processor] Generating embeddings for 1 chunks...

      at DocumentProcessor.processDocument (src/services/document-processor.service.ts:68:15)

  console.log
    [processor] Saving 1 chunks to Atlas...

      at DocumentProcessor.processDocument (src/services/document-processor.service.ts:101:15)

  console.log
    [processor] Successfully processed document 69985ae48039a863c984a7e2: 1 chunks in 4ms

      at DocumentProcessor.processDocument (src/services/document-processor.service.ts:109:15)

  console.log
    [ai-controller] Document 69985ae48039a863c984a7e2 processed: 1 chunks

      at processDocument (src/controllers/ai.controller.ts:220:13)

  console.log
    [processor] Splitting document 69985ae68039a863c984a85e into chunks...

      at DocumentProcessor.processDocument (src/services/document-processor.service.ts:58:15)

  console.log
    [processor] Created 1 chunks for document 69985ae68039a863c984a85e

      at DocumentProcessor.processDocument (src/services/document-processor.service.ts:65:15)

  console.log
    [processor] Generating embeddings for 1 chunks...

      at DocumentProcessor.processDocument (src/services/document-processor.service.ts:68:15)

  console.log
    [processor] Saving 1 chunks to Atlas...

      at DocumentProcessor.processDocument (src/services/document-processor.service.ts:101:15)

  console.log
    [processor] Successfully processed document 69985ae68039a863c984a85e: 1 chunks in 2ms

      at DocumentProcessor.processDocument (src/services/document-processor.service.ts:109:15)

  console.log
    [ai-controller] Document 69985ae68039a863c984a85e processed: 1 chunks

      at processDocument (src/controllers/ai.controller.ts:220:13)

  console.log
    [processor] Deleted 1 chunks for document 69985ae68039a863c984a85e

      at DocumentProcessor.deleteDocumentChunks (src/services/document-processor.service.ts:154:15)

  console.log
    [ai-controller] Deleted 1 chunks from document 69985ae68039a863c984a85e

      at deleteDocumentChunks (src/controllers/ai.controller.ts:283:13)

  console.log
    [processor] Splitting document 69985ae68039a863c984a880 into chunks...

      at DocumentProcessor.processDocument (src/services/document-processor.service.ts:58:15)

  console.log
    [processor] Created 1 chunks for document 69985ae68039a863c984a880

      at DocumentProcessor.processDocument (src/services/document-processor.service.ts:65:15)

  console.log
    [processor] Generating embeddings for 1 chunks...

      at DocumentProcessor.processDocument (src/services/document-processor.service.ts:68:15)

  console.log
    [processor] Saving 1 chunks to Atlas...

      at DocumentProcessor.processDocument (src/services/document-processor.service.ts:101:15)

  console.log
    [processor] Successfully processed document 69985ae68039a863c984a880: 1 chunks in 2ms

      at DocumentProcessor.processDocument (src/services/document-processor.service.ts:109:15)

  console.log
    [ai-controller] Document 69985ae68039a863c984a880 processed: 1 chunks

      at processDocument (src/controllers/ai.controller.ts:220:13)

  console.log
    [processor] Splitting document 69985ae68039a863c984a8a1 into chunks...

      at DocumentProcessor.processDocument (src/services/document-processor.service.ts:58:15)

  console.log
    [processor] Created 1 chunks for document 69985ae68039a863c984a8a1

      at DocumentProcessor.processDocument (src/services/document-processor.service.ts:65:15)

  console.log
    [processor] Generating embeddings for 1 chunks...

      at DocumentProcessor.processDocument (src/services/document-processor.service.ts:68:15)

  console.log
    [processor] Saving 1 chunks to Atlas...

      at DocumentProcessor.processDocument (src/services/document-processor.service.ts:101:15)

  console.log
    [processor] Successfully processed document 69985ae68039a863c984a8a1: 1 chunks in 2ms

      at DocumentProcessor.processDocument (src/services/document-processor.service.ts:109:15)

  console.log
    [ai-controller] Document 69985ae68039a863c984a8a1 processed: 1 chunks

      at processDocument (src/controllers/ai.controller.ts:220:13)

  console.log
    [processor] Splitting document 69985ae78039a863c984a8c1 into chunks...

      at DocumentProcessor.processDocument (src/services/document-processor.service.ts:58:15)

  console.log
    [processor] Created 1 chunks for document 69985ae78039a863c984a8c1

      at DocumentProcessor.processDocument (src/services/document-processor.service.ts:65:15)

  console.log
    [processor] Generating embeddings for 1 chunks...

      at DocumentProcessor.processDocument (src/services/document-processor.service.ts:68:15)

  console.log
    [processor] Saving 1 chunks to Atlas...

      at DocumentProcessor.processDocument (src/services/document-processor.service.ts:101:15)

  console.log
    [processor] Successfully processed document 69985ae78039a863c984a8c1: 1 chunks in 2ms

      at DocumentProcessor.processDocument (src/services/document-processor.service.ts:109:15)

  console.log
    [ai-controller] Document 69985ae78039a863c984a8c1 processed: 1 chunks

      at processDocument (src/controllers/ai.controller.ts:220:13)

  console.log
    [rag] Answering question: "┬┐Cu├íles son los objetivos del Q1 2026?..."

      at RAGService.answerQuestion (src/services/ai/rag.service.ts:349:15)

  console.log
    [rag] Searching for: "┬┐Cu├íles son los objetivos del Q1 2026?..."

      at RAGService.search (src/services/ai/rag.service.ts:169:15)

  console.warn
    [rag] Embedding was empty or invalid, using fallback embedding

    [0m [90m 181 |[39m       [90m// use a deterministic fallback so the vector search can proceed in tests.[39m
     [90m 182 |[39m       [36mif[39m ([33m![39mqueryEmbedding [33m||[39m queryEmbedding[33m.[39mlength [33m===[39m [35m0[39m) {
    [31m[1m>[22m[39m[90m 183 |[39m         console[33m.[39mwarn([32m'[rag] Embedding was empty or invalid, using fallback embedding'[39m)[33m;[39m
     [90m     |[39m                 [31m[1m^[22m[39m
     [90m 184 |[39m         queryEmbedding [33m=[39m [36mnew[39m [33mArray[39m([33mEMBEDDING_DIMENSIONS[39m)[33m.[39mfill([35m0.01[39m)[33m;[39m
     [90m 185 |[39m       }
     [90m 186 |[39m[0m

      at RAGService.search (src/services/ai/rag.service.ts:183:17)
      at RAGService.answerQuestion (src/services/ai/rag.service.ts:352:29)
      at askQuestion (src/controllers/ai.controller.ts:45:22)

  console.log
    [rag] Vector search found 4 relevant chunks (top 5)

      at RAGService.findRelevantChunks (src/services/ai/rag.service.ts:123:15)

  console.log
    [rag] Top result score: 0.8000

      at RAGService.search (src/services/ai/rag.service.ts:192:17)

  console.log
    [rag] Found 4 chunks from 4 documents

      at RAGService.answerQuestion (src/services/ai/rag.service.ts:371:15)

  console.log
    [ai-provider-factory] Initializing AI provider: ollama

      at getAIProvider (src/services/ai/providers/provider.factory.ts:37:11)

  console.log
    [ollama-provider] Initialized with chat model: llama3.2:3b, embedding model: nomic-embed-text

      at new OllamaProvider (src/services/ai/providers/ollama.provider.ts:44:13)

  console.log
    [ai-provider-factory] AI provider initialized: ollama

      at getAIProvider (src/services/ai/providers/provider.factory.ts:58:11)

  console.log
    [llm] Generating response with provider ollama...

      at LlmService.generateResponse (src/services/ai/llm.service.ts:41:15)

  console.log
    [ollama-provider] Generating response with llama3.2:3b...

      at OllamaProvider.generateResponse (src/services/ai/providers/ollama.provider.ts:137:15)

  console.log
    [rag] Answer generated successfully (125 chars)

      at RAGService.answerQuestion (src/services/ai/rag.service.ts:384:15)

  console.log
    [processor] Splitting document 69985af28039a863c984a8e4 into chunks...

      at DocumentProcessor.processDocument (src/services/document-processor.service.ts:58:15)

  console.log
    [processor] Created 1 chunks for document 69985af28039a863c984a8e4

      at DocumentProcessor.processDocument (src/services/document-processor.service.ts:65:15)

  console.log
    [processor] Generating embeddings for 1 chunks...

      at DocumentProcessor.processDocument (src/services/document-processor.service.ts:68:15)

  console.log
    [processor] Saving 1 chunks to Atlas...

      at DocumentProcessor.processDocument (src/services/document-processor.service.ts:101:15)

  console.log
    [processor] Successfully processed document 69985af28039a863c984a8e4: 1 chunks in 2ms

      at DocumentProcessor.processDocument (src/services/document-processor.service.ts:109:15)

  console.log
    [ai-controller] Document 69985af28039a863c984a8e4 processed: 1 chunks

      at processDocument (src/controllers/ai.controller.ts:220:13)

  console.log
    [processor] Splitting document 69985af38039a863c984a905 into chunks...

      at DocumentProcessor.processDocument (src/services/document-processor.service.ts:58:15)

  console.log
    [processor] Created 1 chunks for document 69985af38039a863c984a905

      at DocumentProcessor.processDocument (src/services/document-processor.service.ts:65:15)

  console.log
    [processor] Generating embeddings for 1 chunks...

      at DocumentProcessor.processDocument (src/services/document-processor.service.ts:68:15)

  console.log
    [processor] Saving 1 chunks to Atlas...

      at DocumentProcessor.processDocument (src/services/document-processor.service.ts:101:15)

  console.log
    [processor] Successfully processed document 69985af38039a863c984a905: 1 chunks in 3ms

      at DocumentProcessor.processDocument (src/services/document-processor.service.ts:109:15)

  console.log
    [ai-controller] Document 69985af38039a863c984a905 processed: 1 chunks

      at processDocument (src/controllers/ai.controller.ts:220:13)

  console.log
    [processor] Splitting document 69985af38039a863c984a926 into chunks...

      at DocumentProcessor.processDocument (src/services/document-processor.service.ts:58:15)

  console.log
    [processor] Created 1 chunks for document 69985af38039a863c984a926

      at DocumentProcessor.processDocument (src/services/document-processor.service.ts:65:15)

  console.log
    [processor] Generating embeddings for 1 chunks...

      at DocumentProcessor.processDocument (src/services/document-processor.service.ts:68:15)

  console.log
    [processor] Saving 1 chunks to Atlas...

      at DocumentProcessor.processDocument (src/services/document-processor.service.ts:101:15)

  console.log
    [processor] Successfully processed document 69985af38039a863c984a926: 1 chunks in 3ms

      at DocumentProcessor.processDocument (src/services/document-processor.service.ts:109:15)

  console.log
    [ai-controller] Document 69985af38039a863c984a926 processed: 1 chunks

      at processDocument (src/controllers/ai.controller.ts:220:13)

  console.log
    [processor] Splitting document 69985af38039a863c984a946 into chunks...

      at DocumentProcessor.processDocument (src/services/document-processor.service.ts:58:15)

  console.log
    [processor] Created 1 chunks for document 69985af38039a863c984a946

      at DocumentProcessor.processDocument (src/services/document-processor.service.ts:65:15)

  console.log
    [processor] Generating embeddings for 1 chunks...

      at DocumentProcessor.processDocument (src/services/document-processor.service.ts:68:15)

  console.log
    [processor] Saving 1 chunks to Atlas...

      at DocumentProcessor.processDocument (src/services/document-processor.service.ts:101:15)

  console.log
    [processor] Successfully processed document 69985af38039a863c984a946: 1 chunks in 2ms

      at DocumentProcessor.processDocument (src/services/document-processor.service.ts:109:15)

  console.log
    [ai-controller] Document 69985af38039a863c984a946 processed: 1 chunks

      at processDocument (src/controllers/ai.controller.ts:220:13)

  console.log
    [rag] Answering question in document 69985af38039a863c984a946: "┬┐De qu├⌐ trata este documento?..."

      at RAGService.answerQuestionInDocument (src/services/ai/rag.service.ts:441:15)

  console.log
    [rag] Searching in document 69985af38039a863c984a946: "┬┐De qu├⌐ trata este documento?..."

      at RAGService.searchInDocument (src/services/ai/rag.service.ts:241:15)

  console.log
    [rag] Found 5 chunks in document 69985af38039a863c984a946

      at RAGService.searchInDocument (src/services/ai/rag.service.ts:306:15)

  console.log
    [rag] Found 5 relevant chunks in document

      at RAGService.answerQuestionInDocument (src/services/ai/rag.service.ts:462:15)

  console.log
    [llm] Generating response with provider ollama...

      at LlmService.generateResponse (src/services/ai/llm.service.ts:41:15)

  console.log
    [ollama-provider] Generating response with llama3.2:3b...

      at OllamaProvider.generateResponse (src/services/ai/providers/ollama.provider.ts:137:15)

  console.log
    [rag] Document-specific answer generated (175 chars)

      at RAGService.answerQuestionInDocument (src/services/ai/rag.service.ts:471:15)

  console.log
    [processor] Splitting document 69985af88039a863c984a969 into chunks...

      at DocumentProcessor.processDocument (src/services/document-processor.service.ts:58:15)

  console.log
    [processor] Created 1 chunks for document 69985af88039a863c984a969

      at DocumentProcessor.processDocument (src/services/document-processor.service.ts:65:15)

  console.log
    [processor] Generating embeddings for 1 chunks...

      at DocumentProcessor.processDocument (src/services/document-processor.service.ts:68:15)

  console.log
    [processor] Saving 1 chunks to Atlas...

      at DocumentProcessor.processDocument (src/services/document-processor.service.ts:101:15)

  console.log
    [processor] Successfully processed document 69985af88039a863c984a969: 1 chunks in 2ms

      at DocumentProcessor.processDocument (src/services/document-processor.service.ts:109:15)

  console.log
    [ai-controller] Document 69985af88039a863c984a969 processed: 1 chunks

      at processDocument (src/controllers/ai.controller.ts:220:13)

  console.log
    [processor] Splitting document 69985af98039a863c984a98a into chunks...

      at DocumentProcessor.processDocument (src/services/document-processor.service.ts:58:15)

  console.log
    [processor] Created 1 chunks for document 69985af98039a863c984a98a

      at DocumentProcessor.processDocument (src/services/document-processor.service.ts:65:15)

  console.log
    [processor] Generating embeddings for 1 chunks...

      at DocumentProcessor.processDocument (src/services/document-processor.service.ts:68:15)

  console.log
    [processor] Saving 1 chunks to Atlas...

      at DocumentProcessor.processDocument (src/services/document-processor.service.ts:101:15)

  console.log
    [processor] Successfully processed document 69985af98039a863c984a98a: 1 chunks in 3ms

      at DocumentProcessor.processDocument (src/services/document-processor.service.ts:109:15)

  console.log
    [ai-controller] Document 69985af98039a863c984a98a processed: 1 chunks

      at processDocument (src/controllers/ai.controller.ts:220:13)

  console.log
    [processor] Splitting document 69985af98039a863c984a9ab into chunks...

      at DocumentProcessor.processDocument (src/services/document-processor.service.ts:58:15)

  console.log
    [processor] Created 1 chunks for document 69985af98039a863c984a9ab

      at DocumentProcessor.processDocument (src/services/document-processor.service.ts:65:15)

  console.log
    [processor] Generating embeddings for 1 chunks...

      at DocumentProcessor.processDocument (src/services/document-processor.service.ts:68:15)

  console.log
    [processor] Saving 1 chunks to Atlas...

      at DocumentProcessor.processDocument (src/services/document-processor.service.ts:101:15)

  console.log
    [processor] Successfully processed document 69985af98039a863c984a9ab: 1 chunks in 1ms

      at DocumentProcessor.processDocument (src/services/document-processor.service.ts:109:15)

  console.log
    [ai-controller] Document 69985af98039a863c984a9ab processed: 1 chunks

      at processDocument (src/controllers/ai.controller.ts:220:13)

PASS tests/integration/ai.test.ts (23.609 s)
  AI Endpoints
    GET /api/ai/documents/:documentId/extract-text
      ΓêÜ should extract text from a text document (597 ms)
      ΓêÜ should fail with invalid document ID (335 ms)
      ΓêÜ should fail without authentication (311 ms)
      ΓêÜ should fail for non-existent document (293 ms)
    POST /api/ai/documents/:documentId/process
      ΓêÜ should process a document with text content (329 ms)
      ΓêÜ should fail without text content (329 ms)
      ΓêÜ should fail with empty text (302 ms)
      ΓêÜ should fail without authentication (288 ms)
    DELETE /api/ai/documents/:documentId/chunks
      ΓêÜ should delete document chunks (331 ms)
      ΓêÜ should fail with invalid document ID (392 ms)
      ΓêÜ should fail without authentication (342 ms)
    POST /api/ai/ask
      ΓêÜ should answer a question using RAG (11393 ms)
      ΓêÜ should fail without question (353 ms)
      ΓêÜ should fail without organizationId (363 ms)
      ΓêÜ should fail without authentication (368 ms)
    POST /api/ai/documents/:documentId/ask
      ΓêÜ should answer a question about a specific document (5094 ms)
      ΓêÜ should fail without question (349 ms)
      ΓêÜ should fail with invalid document ID (379 ms)
      ΓêÜ should fail without authentication (363 ms)

PASS tests/integration/memberships.multi-org.test.ts (7.506 s)
  Multi-Organization Membership Flow
    User can be invited to multiple organizations
      ΓêÜ should allow User A (who owns Org1) to be invited to Org2 (947 ms)
      ΓêÜ should create unique rootFolders when User A accepts invitation to 
Org2 (764 ms)
      ΓêÜ should not allow duplicate invitations to the same organization (761 
ms)
      ΓêÜ should prevent creating rootFolder if already active in organization 
(770 ms)
    RootFolder naming includes organization slug
      ΓêÜ should create rootFolder with format root_{orgSlug}_{userId} (591 ms)
      ΓêÜ should have different rootFolder names for same user in different 
orgs (860 ms)
    Cross-organization invitation workflow
      ΓêÜ should allow bidirectional invitations (A invites B, B invites A) 
(663 ms)
      ΓêÜ should allow both users to accept and have 2 organizations each (832 
ms)

PASS tests/integration/password-validation.test.ts (6.288 s)
  Password Validation
    POST /api/auth/register - Password Strength
      ΓêÜ should reject password: uppercase (561 ms)
      ΓêÜ should reject password: lowercase (545 ms)
      ΓêÜ should reject password: number (531 ms)
      ΓêÜ should reject password: special character (538 ms)
      ΓêÜ should reject password: at least 8 characters (540 ms)
      ΓêÜ should reject password: whitespace (545 ms)
      ΓêÜ should accept strong password (883 ms)
    PATCH /api/users/:id/password - Change Password Validation
      ΓêÜ should reject weak new password (347 ms)
      ΓêÜ should reject new password without special character (344 ms)
      ΓêÜ should accept strong new password (415 ms)

PASS tests/integration/documents.test.ts
  Document Endpoints
    POST /api/documents/upload
      ΓêÜ should upload a document (625 ms)
      ΓêÜ should fail without file (284 ms)
      ΓêÜ should reject invalid folderId format (314 ms)
    GET /api/documents
      ΓêÜ should list user documents (291 ms)
      ΓêÜ should fail without authentication (263 ms)
    POST /api/documents/:id/share
      ΓêÜ should share a document with other users (same org) (645 ms)
    DELETE /api/documents/:id
      ΓêÜ should delete a document (398 ms)
    GET /api/documents/download/:id
      ΓêÜ should download a document (200 if physical exists, 404 if not) (395 
ms)

PASS tests/integration/folders.test.ts
  Folder Endpoints
    POST /api/folders
      ΓêÜ should create a new folder (573 ms)
      ΓêÜ should fail without authentication token (343 ms)
      ΓêÜ should allow duplicate name in same parent (folders identified by 
path) (396 ms)
    GET /api/folders
      ΓêÜ should list user folders (425 ms)
      ΓêÜ should fail without authentication (295 ms)
    DELETE /api/folders/:id
      ΓêÜ should delete an empty folder (378 ms)
      ΓêÜ should fail to delete folder with documents without force (281 ms)
    PATCH /api/folders/:id
      ΓêÜ should rename a folder (413 ms)
      ΓêÜ should fail without authentication (310 ms)

  console.log
    [preview] Document info: {
      id: '507f1f77bcf86cd799439013',
      filename: undefined,
      originalname: 'file.pdf',
      path: 'org/file.pdf',
      mimeType: 'application/pdf'
    }

      at preview (src/controllers/document.controller.ts:345:13)

  console.log
    [preview] Uploads base: C:\Users\Deivis\source\repos\Actividad-1_TFM-CloudDocsCopilot-backend-MVP\uploads

      at preview (src/controllers/document.controller.ts:357:13)

  console.log
    [preview] Storage base: C:\Users\Deivis\source\repos\Actividad-1_TFM-CloudDocsCopilot-backend-MVP\storage

      at preview (src/controllers/document.controller.ts:358:13)

  console.log
    [preview] Relative path: org/file.pdf

      at preview (src/controllers/document.controller.ts:359:13)

  console.log
    [preview] Found in storage: /abs/storage/obs/org/file.pdf

      at preview (src/controllers/document.controller.ts:372:17)

  console.log
    [preview] Document info: {
      id: '507f1f77bcf86cd799439013',
      filename: undefined,
      originalname: 'file.docx',
      path: 'org/file.docx',
      mimeType: 'application/vnd.openxmlformats-officedocument.wordprocessingml.document'
    }

      at preview (src/controllers/document.controller.ts:345:13)

  console.log
    [preview] Uploads base: C:\Users\Deivis\source\repos\Actividad-1_TFM-CloudDocsCopilot-backend-MVP\uploads

      at preview (src/controllers/document.controller.ts:357:13)

  console.log
    [preview] Storage base: C:\Users\Deivis\source\repos\Actividad-1_TFM-CloudDocsCopilot-backend-MVP\storage

      at preview (src/controllers/document.controller.ts:358:13)

  console.log
    [preview] Relative path: org/file.docx

      at preview (src/controllers/document.controller.ts:359:13)

  console.log
    [preview] Found in uploads: /abs/storage/org/file.docx

      at preview (src/controllers/document.controller.ts:367:15)

  console.log
    [preview] Converting Word document to HTML

      at preview (src/controllers/document.controller.ts:398:15)

  console.log
    [preview] Document info: {
      id: '507f1f77bcf86cd799439013',
      filename: undefined,
      originalname: 'file.docx',
      path: 'org/file.docx',
      mimeType: 'application/vnd.openxmlformats-officedocument.wordprocessingml.document'
    }

      at preview (src/controllers/document.controller.ts:345:13)

  console.log
    [preview] Uploads base: C:\Users\Deivis\source\repos\Actividad-1_TFM-CloudDocsCopilot-backend-MVP\uploads

      at preview (src/controllers/document.controller.ts:357:13)

  console.log
    [preview] Storage base: C:\Users\Deivis\source\repos\Actividad-1_TFM-CloudDocsCopilot-backend-MVP\storage

      at preview (src/controllers/document.controller.ts:358:13)

  console.log
    [preview] Relative path: org/file.docx

      at preview (src/controllers/document.controller.ts:359:13)

  console.log
    [preview] Found in uploads: /abs/storage/org/file.docx

      at preview (src/controllers/document.controller.ts:367:15)

  console.log
    [preview] Converting Word document to HTML

      at preview (src/controllers/document.controller.ts:398:15)

  console.error
    [preview] Error converting Word document: Error: bad docx
        at Object.<anonymous> (C:\Users\Deivis\source\repos\Actividad-1_TFM-CloudDocsCopilot-backend-MVP\tests\integration\controllers\document.controller.test.ts:685:50)
        at Promise.then.completed (C:\Users\Deivis\source\repos\Actividad-1_TFM-CloudDocsCopilot-backend-MVP\node_modules\jest-circus\build\utils.js:298:28)
        at new Promise (<anonymous>)
        at callAsyncCircusFn (C:\Users\Deivis\source\repos\Actividad-1_TFM-CloudDocsCopilot-backend-MVP\node_modules\jest-circus\build\utils.js:231:10)
        at _callCircusTest (C:\Users\Deivis\source\repos\Actividad-1_TFM-CloudDocsCopilot-backend-MVP\node_modules\jest-circus\build\run.js:316:40)
        at _runTest (C:\Users\Deivis\source\repos\Actividad-1_TFM-CloudDocsCopilot-backend-MVP\node_modules\jest-circus\build\run.js:252:3)
        at _runTestsForDescribeBlock (C:\Users\Deivis\source\repos\Actividad-1_TFM-CloudDocsCopilot-backend-MVP\node_modules\jest-circus\build\run.js:126:9)
        at _runTestsForDescribeBlock (C:\Users\Deivis\source\repos\Actividad-1_TFM-CloudDocsCopilot-backend-MVP\node_modules\jest-circus\build\run.js:121:9)
        at _runTestsForDescribeBlock (C:\Users\Deivis\source\repos\Actividad-1_TFM-CloudDocsCopilot-backend-MVP\node_modules\jest-circus\build\run.js:121:9)
        at run (C:\Users\Deivis\source\repos\Actividad-1_TFM-CloudDocsCopilot-backend-MVP\node_modules\jest-circus\build\run.js:71:3)
        at runAndTransformResultsToJestFormat (C:\Users\Deivis\source\repos\Actividad-1_TFM-CloudDocsCopilot-backend-MVP\node_modules\jest-circus\build\legacy-code-todo-rewrite\jestAdapterInit.js:122:21)
        at jestAdapter (C:\Users\Deivis\source\repos\Actividad-1_TFM-CloudDocsCopilot-backend-MVP\node_modules\jest-circus\build\legacy-code-todo-rewrite\jestAdapter.js:79:19)
        at runTestInternal (C:\Users\Deivis\source\repos\Actividad-1_TFM-CloudDocsCopilot-backend-MVP\node_modules\jest-runner\build\runTest.js:367:16)
        at runTest (C:\Users\Deivis\source\repos\Actividad-1_TFM-CloudDocsCopilot-backend-MVP\node_modules\jest-runner\build\runTest.js:444:34)

    [0m [90m 28 |[39m     [36mreturn[39m[33m;[39m [90m// suppress in tests[39m
     [90m 29 |[39m   }
    [31m[1m>[22m[39m[90m 30 |[39m   originalConsoleError([33m...[39margs)[33m;[39m
     [90m    |[39m   [31m[1m^[22m[39m
     [90m 31 |[39m }[33m;[39m
     [90m 32 |[39m
     [90m 33 |[39m [90m// Mock email service to avoid real SMTP attempts during tests[39m[0m

      at console.Object.<anonymous>.console.error (tests/jest.setup.ts:30:3)
      at preview (src/controllers/document.controller.ts:466:17)
      at Object.<anonymous> (tests/integration/controllers/document.controller.test.ts:691:7)

  console.log
    [preview] Document info: {
      id: '507f1f77bcf86cd799439013',
      filename: undefined,
      originalname: 'file.pdf',
      path: 'org/file.pdf',
      mimeType: 'application/pdf'
    }

      at preview (src/controllers/document.controller.ts:345:13)

  console.log
    [preview] Uploads base: C:\Users\Deivis\source\repos\Actividad-1_TFM-CloudDocsCopilot-backend-MVP\uploads

      at preview (src/controllers/document.controller.ts:357:13)

  console.log
    [preview] Storage base: C:\Users\Deivis\source\repos\Actividad-1_TFM-CloudDocsCopilot-backend-MVP\storage

      at preview (src/controllers/document.controller.ts:358:13)

  console.log
    [preview] Relative path: org/file.pdf

      at preview (src/controllers/document.controller.ts:359:13)

  console.log
    [preview] Trying alternative path in uploads: obs\org\file.pdf

      at preview (src/controllers/document.controller.ts:376:17)

  console.log
    [preview] Alternative path worked in uploads: undefined

      at preview (src/controllers/document.controller.ts:380:19)

PASS tests/integration/controllers/document.controller.test.ts
  document.controller (unit)
    upload
      ΓêÜ should next 400 when file missing (3 ms)
      ΓêÜ should next 400 when folderId has invalid format (100 ms)
      ΓêÜ should call service and return 201 on success (153 ms)
    replaceFile
      ΓêÜ should next 400 when file missing (140 ms)
      ΓêÜ should map "Document not found" to 404 (99 ms)
      ΓêÜ should return success json on success (102 ms)
    list
      ΓêÜ should return docs and count (164 ms)
    listSharedToMe
      ΓêÜ should return docs and count (139 ms)
    getRecent
      ΓêÜ should next 400 when organizationId missing (95 ms)
      ΓêÜ should next 400 when organizationId invalid (90 ms)
      ΓêÜ should default limit=10 and return docs (102 ms)
      ΓêÜ should parse limit from query (151 ms)
    getById
      ΓêÜ should next 404 when doc not found (102 ms)
      ΓêÜ should allow access for org doc when hasActiveMembership returns 
true (87 ms)
      ΓêÜ should deny access for org doc when hasActiveMembership returns 
false (97 ms)
      ΓêÜ should allow access for personal doc when user is owner (150 ms)
      ΓêÜ should allow access for personal doc when user is in sharedWith (138 
ms)
    share
      ΓêÜ should next 400 when userIds missing/invalid (96 ms)
      ΓêÜ should map "Document not found" to 404 (93 ms)
      ΓêÜ should return success on valid request (124 ms)
    move
      ΓêÜ should next 400 when targetFolderId missing (198 ms)
      ΓêÜ should return success when service resolves (107 ms)
    copy
      ΓêÜ should next 400 when targetFolderId missing (102 ms)
      ΓêÜ should return 201 when service resolves (86 ms)
    download
      ΓêÜ should next 404 when doc not found (151 ms)
      ΓêÜ should next 403 when access denied (org doc) (139 ms)
      ΓêÜ should download using uploads path if validateDownloadPath succeeds 
(89 ms)
      ΓêÜ should fallback to storage using doc.path when uploads fails (85 ms)
      ΓêÜ should next 404 File not found when both validations fail (97 ms)
    preview
      ΓêÜ should next 404 when doc not found (155 ms)
      ΓêÜ should try alternative /obs path when first validate fails, then 
serve file inline (119 ms)
      ΓêÜ should convert Word to HTML when mammoth succeeds (126 ms)
      ΓêÜ should fallback to serving original file when mammoth fails (138 ms)
      ΓêÜ should next 403 when access denied (org doc) (157 ms)
      ΓêÜ should next 404 when file not found after both path attempts (142 ms)
    remove
      ΓêÜ should map "Document not found" to 404 (95 ms)
      ΓêÜ should return success json when deleted (112 ms)

PASS tests/integration/services/document.service.test.ts
  DocumentService Integration-ish Tests (mongo + fs, mocked collaborators)
    uploadDocument
      ΓêÜ should upload document into storage + create DB record + update 
user.storageUsed (396 ms)
      ΓêÜ should use membership.rootFolder when folderId is not provided (110 
ms)
      ΓêÜ should fail when membership has no rootFolder and folderId is not 
provided/empty (107 ms)
      ΓêÜ should fail if folder does not belong to active organization (116 ms)
      ΓêÜ should fail if user storage quota is exceeded (107 ms)
      ΓêÜ should fail if organization total storage quota is exceeded 
(maxStorageTotal != -1) (121 ms)
      ΓêÜ should fail if file type is not allowed by organization settings 
(108 ms)
      ΓêÜ should fail if validateFolderAccess rejects (no editor access) (90 
ms)
    listDocuments
      ΓêÜ should list documents from active organization (106 ms)
      ΓêÜ should fail if no active organization (82 ms)
    findDocumentById
      ΓêÜ should fail for invalid id (89 ms)
      ΓêÜ should find by id for valid id (89 ms)
    getUserRecentDocuments
      ΓêÜ should return recent documents sorted desc and include 
accessType/isOwned (104 ms)
      ΓêÜ should respect limit (123 ms)
    listSharedDocumentsToUser
      ΓêÜ should list org documents excluding those uploadedBy the user (97 ms)
      ΓêÜ should fail if invalid userId (81 ms)
    shareDocument
      ΓêÜ should no-op return doc when document belongs to organization (85 ms)
      ΓêÜ should share personal document with existing users (excluding owner) 
(101 ms)
      ΓêÜ should fail if trying to share only with self (owner) (95 ms)
    replaceDocumentFile
      ΓêÜ should allow uploadedBy to replace file in org doc and adjust 
storage delta (131 ms)
      ΓêÜ should allow org admin/owner (hasAnyRole=true) to replace even if 
not uploadedBy (122 ms)
      ΓêÜ should fail if neither org admin nor doc owner (88 ms)
    deleteDocument
      ΓêÜ should delete org document only if org OWNER/ADMIN (120 ms)
      ΓêÜ should delete personal document only if uploadedBy (106 ms)
    moveDocument
      ΓêÜ should move document for owner and move physical file (110 ms)
      ΓêÜ should fail if user is not owner (86 ms)
    copyDocument
      ΓêÜ should copy document (owner) and increase storageUsed (131 ms)
      ΓêÜ should fail if user does not have access (not uploadedBy and not 
sharedWith) (95 ms)
      ΓêÜ should fail if storage quota exceeded (131 ms)

PASS tests/integration/services/organization.service.test.ts
  OrganizationService Integration Tests
    createOrganization
      ΓêÜ should create organization with filesystem directory (257 ms)
      ΓêÜ should create organization with custom settings (71 ms)
      ΓêÜ should fail if owner user does not exist (30 ms)
      ΓêÜ should include owner in members (79 ms)
      ΓêÜ should fail when creating organization with duplicate name 
(case-insensitive) (88 ms)
    addUserToOrganization
      ΓêÜ should add user and create their root folder (145 ms)
      ΓêÜ should fail if organization does not exist (32 ms)
      ΓêÜ should fail when updating organization to a name that already exists 
(157 ms)
      ΓêÜ should fail if user does not exist (88 ms)
      ΓêÜ should fail if user is already a member (97 ms)
      ΓêÜ should fail if organization has reached max users (241 ms)
    removeUserFromOrganization
      ΓêÜ should remove user from organization (229 ms)
      ΓêÜ should fail if trying to remove owner (86 ms)
      ΓêÜ should fail if organization does not exist (23 ms)
    getUserOrganizations
      ΓêÜ should return all organizations where user is a member (92 ms)
      ΓêÜ should not return inactive organizations (94 ms)
    getOrganizationById
      ΓêÜ should return organization with populated fields (92 ms)
      ΓêÜ should fail if organization does not exist (14 ms)
    updateOrganization
      ΓêÜ should update organization name and settings (112 ms)
      ΓêÜ should fail if user is not the owner (92 ms)
      ΓêÜ should fail if organization does not exist (23 ms)
    deleteOrganization
      ΓêÜ should soft delete organization (88 ms)
      ΓêÜ should fail if user is not the owner (92 ms)
    getOrganizationStorageStats
      ΓêÜ should calculate storage statistics correctly (164 ms)
      ΓêÜ should fail if organization does not exist (14 ms)

PASS tests/integration/services/folder.service.test.ts
  FolderService Integration Tests
    validateFolderAccess
      ΓêÜ should validate owner access (231 ms)
      ΓêÜ should fail if user does not have required role (117 ms)
      ΓêÜ should fail if folder does not exist (80 ms)
    createFolder
      ΓêÜ should create a folder with required parentId (119 ms)
      ΓêÜ should create physical directory (97 ms)
      ΓêÜ should fail without parentId (63 ms)
      ΓêÜ should fail if parent folder does not exist (82 ms)
      ΓêÜ should fail if user does not have editor access to parent (79 ms)
    getFolderContents
      ΓêÜ should return folder with subfolders and documents (113 ms)
      ΓêÜ should fail if user does not have access (69 ms)
    getUserFolderTree
      ΓêÜ should return hierarchical folder tree (82 ms)
    shareFolder
      ΓêÜ should share folder with another user (78 ms)
      ΓêÜ should fail if user is not owner (67 ms)
      ΓêÜ should fail if target user does not exist (71 ms)
    deleteFolder
      ΓêÜ should delete empty folder (103 ms)
      ΓêÜ should fail to delete folder with documents without force (94 ms)
      ΓêÜ should delete folder with documents when force is true (118 ms)
      ΓêÜ should fail to delete root folder (70 ms)
    renameFolder
      ΓêÜ should rename folder (98 ms)
      ΓêÜ should update subfolder paths when parent is renamed (113 ms)
      ΓêÜ should fail to rename root folder technical name (70 ms)
      ΓêÜ should allow changing root folder displayName (83 ms)

PASS tests/integration/services/auth.service.test.ts
  AuthService Integration Tests
    registerUser
      ΓêÜ should register a new user with organization (402 ms)
      ΓêÜ should create user root folder with correct structure (191 ms)
      ΓêÜ should create physical filesystem directory (169 ms)
      ΓêÜ should add user to organization members (167 ms)
      ΓêÜ should fail if organization does not exist (143 ms)
      ΓêÜ should fail if organization has reached max users (383 ms)
      ΓêÜ should fail with invalid password (62 ms)
      ΓêÜ should fail with invalid email format (49 ms)
      ΓêÜ should fail with invalid name (50 ms)
      ΓêÜ should fail with invalid organization ID (149 ms)
    loginUser
      ΓêÜ should login user with valid credentials (215 ms)
      ΓêÜ should fail with incorrect password (187 ms)
      ΓêÜ should fail with non-existent user (118 ms)
      ΓêÜ should fail with inactive user (131 ms)
      ΓêÜ should fail with invalid credentials format (126 ms)

PASS tests/integration/users.profile.test.ts
  User Profile Management
    PUT /api/users/:id - Update Profile & Preferences
      ΓêÜ should update user preferences (partial update) (525 ms)
      ΓêÜ should update user profile info without affecting preferences (265 
ms)
    PATCH /api/users/:id/avatar - Avatar Upload
      ΓêÜ should accept an avatar URL via JSON (259 ms)
      ΓêÜ should accept an image file via multipart/form-data (239 ms)
    DELETE /api/users/me - Danger Zone
      ΓêÜ should allow user to delete their own account (239 ms)

  console.error
    File deletion error: The "path" argument must be of type string. Received undefined

    [0m [90m 28 |[39m     [36mreturn[39m[33m;[39m [90m// suppress in tests[39m
     [90m 29 |[39m   }
    [31m[1m>[22m[39m[90m 30 |[39m   originalConsoleError([33m...[39margs)[33m;[39m
     [90m    |[39m   [31m[1m^[22m[39m
     [90m 31 |[39m }[33m;[39m
     [90m 32 |[39m
     [90m 33 |[39m [90m// Mock email service to avoid real SMTP attempts during tests[39m[0m

      at console.Object.<anonymous>.console.error (tests/jest.setup.ts:30:3)
      at deleteDocument (src/services/document.service.ts:375:13)
      at Object.<anonymous> (tests/unit/services/document.service.test.ts:242:22)

PASS tests/unit/services/document.service.test.ts
  document.service (unit - branches)
    shareDocument
      ΓêÜ should throw 400 on invalid document id (144 ms)
      ΓêÜ should throw 400 when userIds is empty array (157 ms)
      ΓêÜ should throw 400 when no valid user ids after filtering (155 ms)
      ΓêÜ should throw error when document not found (164 ms)
      ΓêÜ should throw 403 when user is not document owner (112 ms)
      ΓêÜ should return doc when document belongs to an organization (org-wide 
access) (102 ms)
      ΓêÜ should throw 400 when trying to share with owner only (105 ms)
      ΓêÜ should throw 400 when no valid users found (147 ms)
      ΓêÜ should successfully share document with valid users (136 ms)
    deleteDocument
      ΓêÜ should throw 400 on invalid document id (97 ms)
      ΓêÜ should throw error when document not found (122 ms)
      ΓêÜ should throw 403 when user is not owner (personal doc) (207 ms)
      ΓêÜ should delete document and update user storage when user found 
(personal doc) (306 ms)
      ΓêÜ should throw 403 when user is not OWNER/ADMIN for org doc (140 ms)
    moveDocument
      ΓêÜ should throw 400 on invalid document id (121 ms)
      ΓêÜ should throw 400 on invalid target folder id (111 ms)
      ΓêÜ should throw 404 when document not found (159 ms)
      ΓêÜ should throw 403 when user is not document owner (154 ms)
    copyDocument
      ΓêÜ should throw 400 on invalid document id (107 ms)
      ΓêÜ should throw 400 on invalid target folder id (122 ms)
      ΓêÜ should throw 404 when document not found (112 ms)
      ΓêÜ should throw 403 when user has no access to document (186 ms)

PASS tests/integration/url-path-security.test.ts
  Security - URL and Path Validation
    Path Traversal Protection
      ΓêÜ should accept file upload (Multer sanitizes filename with UUID) (145 
ms)
      ΓêÜ should accept file with encoded characters (Multer sanitizes) (46 ms)
      ΓêÜ should accept valid filename without traversal (46 ms)
      ΓêÜ should handle filename with null bytes (Multer sanitizes) (42 ms)
      ΓêÜ should handle absolute paths in filename (Multer sanitizes) (40 ms)
      ΓêÜ should sanitize filename with dangerous characters (40 ms)
    File Extension Validation
      ΓêÜ should reject executable file extensions (42 ms)
      ΓêÜ should reject script file extensions (40 ms)
      ΓêÜ should accept allowed file extensions (40 ms)
    Path Length Validation
      ΓêÜ should handle extremely long filenames (Multer uses UUID) (40 ms)
      ΓêÜ should accept reasonable filename lengths (45 ms)
    Download Path Validation
      ΓêÜ should prevent path traversal in download endpoint (40 ms)
      ΓêÜ should only allow downloading files within storage directory (20 ms)
    URL Validation (SSRF/Open Redirect)
      ΓêÜ should validate URL utility rejects private IPs (24 ms)
      ΓêÜ should validate URL utility accepts public URLs (22 ms)
      ΓêÜ should validate URL utility rejects blocked ports (20 ms)
      ΓêÜ should validate URL utility enforces whitelist (21 ms)
      ΓêÜ should validate URL utility rejects invalid protocols (20 ms)
    Path Sanitizer Utility
      ΓêÜ should detect path traversal patterns (20 ms)
      ΓêÜ should sanitize dangerous characters in filenames (22 ms)
      ΓêÜ should validate file is within base directory (19 ms)

PASS tests/integration/auth.test.ts
  Auth Endpoints
    POST /api/auth/register
      ΓêÜ should register a new user (421 ms)
      ΓêÜ should fail with incomplete data (63 ms)
      ΓêÜ should fail with duplicate email (229 ms)
    POST /api/auth/login
      ΓêÜ should login with correct credentials (219 ms)
      ΓêÜ should fail with incorrect credentials (217 ms)
      ΓêÜ should fail with non-existent email (137 ms)
    POST /api/auth/logout
      ΓêÜ should logout successfully and clear cookie (236 ms)

PASS tests/integration/controllers/folder.controller.test.ts
  FolderController - New Endpoints Integration Tests
    GET /api/folders/tree
      ΓêÜ should return hierarchical folder tree for user (52 ms)
      ΓêÜ should fail without organizationId (23 ms)
      ΓêÜ should fail without authentication (16 ms)
      ΓêÜ should return empty tree if user has no root folder (29 ms)
    GET /api/folders/:id/contents
      ΓêÜ should return folder with subfolders and documents (64 ms)
      ΓêÜ should return empty documents if folder has no files (59 ms)
      ΓêÜ should fail if user does not have access to folder (46 ms)
      ΓêÜ should fail if folder does not exist (49 ms)
      ΓêÜ should fail without authentication (36 ms)
    POST /api/folders/:id/share
      ΓêÜ should share folder with another user with viewer role (55 ms)
      ΓêÜ should share folder with editor role (45 ms)
      ΓêÜ should update role if folder already shared with user (85 ms)
      ΓêÜ should fail if user is not the owner (27 ms)
      ΓêÜ should fail if userId is missing (21 ms)
      ΓêÜ should fail if role is missing (21 ms)
      ΓêÜ should fail if role is invalid (trying to share with owner role) (25 
ms)
      ΓêÜ should fail if target user does not exist (39 ms)
      ΓêÜ should fail if folder does not exist (31 ms)
      ΓêÜ should fail without authentication (19 ms)
    Shared folder access validation
      ΓêÜ should allow user2 to get contents of shared folder (46 ms)
      ΓêÜ should not allow user2 to share folder (only owner can share) (39 ms)
    Integration with folder hierarchy
      ΓêÜ should include nested folders in tree structure (24 ms)
      ΓêÜ should get contents of deeply nested folder (48 ms)

PASS tests/integration/controllers/user.controller.test.ts
  UserController Integration Tests
    PATCH /api/users/:id/avatar - Update Avatar
      Success Cases
        ΓêÜ should update own avatar successfully (73 ms)
        ΓêÜ should NOT allow admin to update other user avatar (39 ms)
        ΓêÜ should accept valid data URLs as avatars (51 ms)
        ΓêÜ should update avatar to empty string (remove avatar) (59 ms)
        ΓêÜ should accept relative paths as avatars (51 ms)
      Validation Tests
        ΓêÜ should fail when avatar field is missing (35 ms)
        ΓêÜ should fail when avatar exceeds max length (2048 chars) (42 ms)
        ΓêÜ should fail when user does not exist (31 ms)
      Authorization Tests
        ΓêÜ should fail when user is not authenticated (25 ms)
        ΓêÜ should fail when trying to update another user avatar (non-admin) 
(32 ms)
        ΓêÜ should fail with invalid token (25 ms)
        ΓêÜ should fail with expired token (25 ms)
      Edge Cases
        ΓêÜ should handle null avatar value (28 ms)
        ΓêÜ should trim whitespace from avatar URL (36 ms)
        ΓêÜ should handle multiple consecutive avatar updates (98 ms)
        ΓêÜ should not expose password in response (40 ms)
        ΓêÜ should preserve other user fields when updating avatar (46 ms)
      Security Tests
        ΓêÜ should validate against potential XSS in avatar URL (37 ms)
        ΓêÜ should not allow SQL injection attempts (36 ms)
      Data Persistence
        ΓêÜ should persist avatar across server restarts (simulated) (43 ms)
      Concurrent Updates
        ΓêÜ should handle concurrent avatar updates correctly (88 ms)
    Additional User Controller Tests
      GET /api/users - List Users
        ΓêÜ should allow admin to list all users (32 ms)
        ΓêÜ should not allow regular users to list users (30 ms)
      PUT /api/users/:id - Update User
        ΓêÜ should allow user to update own profile (45 ms)
        ΓêÜ should allow partial update (only name) (40 ms)

PASS tests/unit/models/document.model.test.ts
  Document Model - Organization Structure
    Required Fields
      ΓêÜ should create document with all required fields (60 ms)
      ΓêÜ should allow organization field to be optional (54 ms)
      ΓêÜ should require folder field (33 ms)
      ΓêÜ should require path field (22 ms)
      ΓêÜ should require size field (17 ms)
      ΓêÜ should require mimeType field (19 ms)
    File Size Validation
      ΓêÜ should accept valid file size (20 ms)
      ΓêÜ should prevent negative file size (20 ms)
      ΓêÜ should accept zero size (empty file) (21 ms)
    Path and Filesystem
      ΓêÜ should store complete filesystem path (24 ms)
      ΓêÜ should handle nested folder paths (27 ms)
    MIME Types
      ΓêÜ should store various MIME types (56 ms)
    Organization Association
      ΓêÜ should associate document with organization (33 ms)
      ΓêÜ should find documents by organization (62 ms)
    Folder Association
      ΓêÜ should associate document with folder (30 ms)
      ΓêÜ should find documents in a specific folder (31 ms)
    Sharing Functionality
      ΓêÜ should share document with users (39 ms)
      ΓêÜ should find documents shared with a user (38 ms)
    Indexes
      ΓêÜ should have index on organization and folder (28 ms)
      ΓêÜ should have index on organization and uploadedBy (17 ms)
      ΓêÜ should have index on uploadedBy and createdAt for recent documents 
(18 ms)
      ΓêÜ should have index on sharedWith (15 ms)
    Timestamps
      ΓêÜ should set uploadedAt, createdAt and updatedAt automatically (22 ms)
    Backward Compatibility
      ΓêÜ should maintain url field for backward compatibility (21 ms)

PASS tests/unit/models/folder.model.test.ts
  Folder Model - Hierarchical Structure
    Basic Folder Creation
      ΓêÜ should create folder with required fields (38 ms)
      ΓêÜ should default type to folder (29 ms)
      ΓêÜ should allow organization field to be optional (20 ms)
    Root Folder with Technical Name
      ΓêÜ should create root folder with technical identifier (17 ms)
      ΓêÜ should use displayName for user-friendly name (16 ms)
      ΓêÜ should fallback to name if no displayName (17 ms)
    Folder Type Validation
      ΓêÜ should accept valid folder types (26 ms)
      ΓêÜ should reject invalid folder type (16 ms)
    Parent-Child Relationship
      ΓêÜ should create subfolder with parent reference (23 ms)
      ΓêÜ should build correct nested path (27 ms)
      ΓêÜ should find children of a parent folder (35 ms)
    Permissions System
      ΓêÜ should share folder with viewer permission (44 ms)
      ΓêÜ should share folder with editor permission (30 ms)
      ΓêÜ should update permission role when sharing again (41 ms)
      ΓêÜ should not share folder with owner (24 ms)
      ΓêÜ should remove user access with unshareWith (38 ms)
    Access Control
      ΓêÜ should grant owner full access (15 ms)
      ΓêÜ should verify viewer access (24 ms)
      ΓêÜ should verify editor access (23 ms)
      ΓêÜ should deny access to users without permissions (22 ms)
    Indexes
      ΓêÜ should have index on organization and owner (12 ms)
      ΓêÜ should have index on organization and parent (14 ms)
      ΓêÜ should have index on owner and isRoot (14 ms)

PASS tests/integration/controllers/organization.controller.test.ts
  OrganizationController Integration-ish Tests (mongo + supertest, mocked 
services)
    POST /api/organizations
      ΓêÜ should create a new organization (default plan FREE) (34 ms)
      ΓêÜ should create a new organization with provided plan (21 ms)
      ΓêÜ should fail when name is missing (22 ms)
      ΓêÜ should fail without authentication (18 ms)
    GET /api/organizations
      ΓêÜ should list memberships returned by service (22 ms)
      ΓêÜ should fail without authentication (16 ms)
    GET /api/organizations/:id
      ΓêÜ should return org if requester is member (members populated objects) 
(18 ms)
      ΓêÜ should return org if requester is member (members raw ids) (17 ms)
      ΓêÜ should fail with 403 if requester is not a member (17 ms)
      ΓêÜ should return 404 if organization not found (18 ms)
    PUT /api/organizations/:id
      ΓêÜ should update organization and return success (16 ms)
      ΓêÜ should bubble service error (HttpError 403) (16 ms)
      ΓêÜ should bubble service error (plain Error -> 500) (17 ms)
    DELETE /api/organizations/:id
      ΓêÜ should delete (soft delete) organization and return success (16 ms)
    POST /api/organizations/:id/members
      ΓêÜ should add member (requires userId in body) (18 ms)
      ΓêÜ should fail if userId missing (15 ms)
    DELETE /api/organizations/:id/members/:userId
      ΓêÜ should remove member and return success (14 ms)
    GET /api/organizations/:id/stats
      ΓêÜ should return stats if requester is member (17 ms)
      ΓêÜ should fail with 403 if requester is not member (15 ms)
      ΓêÜ should fail with 404 if organization does not exist (17 ms)
    GET /api/organizations/:id/members
      ΓêÜ should list members if requester is member (uses membership service) 
(18 ms)
      ΓêÜ should fail with 403 if requester is not member (18 ms)
      ΓêÜ should fail with 404 if organization not found (17 ms)

PASS tests/integration/cors.test.ts
  CORS Configuration
    Preflight Requests (OPTIONS)
      ΓêÜ debe permitir X-Csrf-Token en Access-Control-Allow-Headers (160 ms)
      ΓêÜ debe permitir Authorization header (128 ms)
      ΓêÜ debe permitir m├⌐todos HTTP comunes (36 ms)
      ΓêÜ debe incluir Access-Control-Allow-Credentials (31 ms)
      ΓêÜ debe incluir Access-Control-Max-Age para cach├⌐ de preflight (38 ms)
    Allowed Origins
      ΓêÜ debe aceptar solicitudes desde localhost:5173 (46 ms)
      ΓêÜ debe aceptar solicitudes desde localhost:3000 (42 ms)
      ΓêÜ debe aceptar solicitudes desde 127.0.0.1:5173 (44 ms)
    Exposed Headers
      ΓêÜ debe exponer headers necesarios al cliente (49 ms)
    Document Upload Endpoint CORS
      ΓêÜ debe permitir preflight para POST /api/documents/upload con headers 
requeridos (43 ms)
      ΓêÜ debe permitir preflight para multipart/form-data (37 ms)

PASS tests/integration/users.search.test.ts
  GET /api/users/search
    ΓêÜ returns 401 when not authenticated (224 ms)
    ΓêÜ returns 400 when email query missing or empty (158 ms)
    ΓêÜ returns matching users for authenticated request (70 ms)

PASS tests/unit/models/user.model.test.ts
  User Model - Organization Integration
    Organization Field
      ΓêÜ should create user with organization reference (35 ms)
      ΓêÜ should allow creating user without organization (optional) (24 ms)
      ΓêÜ should populate organization data (56 ms)
    Root Folder Field
      ΓêÜ should create user with rootFolder reference (31 ms)
      ΓêÜ should allow creating user without rootFolder (optional) (20 ms)
    Storage Used Field
      ΓêÜ should initialize storageUsed to 0 by default (14 ms)
      ΓêÜ should allow setting custom storageUsed value (15 ms)
      ΓêÜ should prevent negative storage values (9 ms)
      ΓêÜ should update storageUsed when files are added (22 ms)
      ΓêÜ should decrease storageUsed when files are deleted (22 ms)
    Indexes
      ΓêÜ should have index on organization field (9 ms)
      ΓêÜ should have compound index on organization and email (8 ms)
      ΓêÜ should have compound index on organization and active (11 ms)
    User Query by Organization
      ΓêÜ should find users by organization (52 ms)
      ΓêÜ should find active users in organization (21 ms)
    Backward Compatibility
      ΓêÜ should maintain existing user fields and functionality (13 ms)
      ΓêÜ should not expose password in JSON (10 ms)
    Avatar Field
      ΓêÜ should allow creating user without avatar (default null) (11 ms)
      ΓêÜ should allow setting avatar URL (13 ms)
      ΓêÜ should trim whitespace from avatar URL (10 ms)
      ΓêÜ should allow empty string for avatar (10 ms)
      ΓêÜ should reject avatar URL exceeding 2048 characters (11 ms)
      ΓêÜ should allow data URLs as avatar (11 ms)
      ΓêÜ should allow relative paths as avatar (10 ms)
      ΓêÜ should update avatar successfully (21 ms)
      ΓêÜ should include avatar in JSON response (10 ms)

PASS tests/unit/models/organization.model.test.ts
  Organization Model
    generateSlug function
      ΓêÜ should generate URL-safe slug from name with spaces (19 ms)
      ΓêÜ should handle special characters and accents (9 ms)
      ΓêÜ should convert to lowercase (15 ms)
      ΓêÜ should remove multiple consecutive hyphens (11 ms)
      ΓêÜ should trim leading and trailing hyphens (14 ms)
      ΓêÜ should handle special symbols (8 ms)
    Schema Validation
      ΓêÜ should create organization with required fields (41 ms)
      ΓêÜ should require name field (13 ms)
      ΓêÜ should require owner field (11 ms)
      ΓêÜ should enforce minimum name length (9 ms)
      ΓêÜ should enforce maximum name length (9 ms)
      ΓêÜ should set default values for settings (20 ms)
      ΓêÜ should allow custom settings (18 ms)
    Unique Slug Constraint
      ΓêÜ should prevent duplicate slugs (36 ms)
      ΓêÜ should handle multiple organizations with similar names (56 ms)
    Indexes
      ΓêÜ should have unique index on slug (9 ms)
      ΓêÜ should have index on owner (12 ms)
    Members Management
      ΓêÜ should automatically add owner to members on creation (15 ms)
      ΓêÜ should add member using addMember method (41 ms)
      ΓêÜ should not add duplicate members (23 ms)
      ΓêÜ should remove member using removeMember method (32 ms)
    Virtual Properties
      ΓêÜ should calculate memberCount virtual (20 ms)
    Static Methods
      ΓêÜ should find organization by slug (21 ms)
      ΓêÜ should not find inactive organizations by slug (23 ms)
      ΓêÜ should return null for non-existent slug (9 ms)
    Timestamps
      ΓêÜ should automatically set createdAt and updatedAt (16 ms)
      ΓêÜ should update updatedAt on save (57 ms)
    Slug Regeneration on Name Change
      ΓêÜ should regenerate slug when name changes (27 ms)

PASS tests/unit/models/comment.model.test.ts
  Comment Model
    Creation + defaults
      ΓêÜ should create a comment with required fields (14 ms)
      ΓêÜ should default organization to null when not provided (14 ms)
      ΓêÜ should trim content (14 ms)
    Validations
      ΓêÜ should require document (9 ms)
      ΓêÜ should require createdBy (7 ms)
      ΓêÜ should require content (10 ms)
      ΓêÜ should enforce minlength after trim (>= 1) (7 ms)
      ΓêÜ should enforce maxlength (<= 2000) (6 ms)
    Timestamps
      ΓêÜ should update updatedAt on save (34 ms)
    toJSON / toObject transforms
      ΓêÜ toJSON should remove _id and versionKey, keep virtuals (13 ms)
      ΓêÜ toObject should remove _id and versionKey, keep virtuals (10 ms)
    Indexes
      ΓêÜ should include single-field indexes (document, organization, 
createdBy) and compound indexes (15 ms)

  console.log
    [ai-provider-factory] AI provider reset

      at resetAIProvider (src/services/ai/providers/provider.factory.ts:68:11)

  console.log
    [processor] Splitting document 69985b447b3a83177237d46c into chunks...

      at DocumentProcessor.processDocument (src/services/document-processor.service.ts:58:15)

  console.log
    [processor] Created 1 chunks for document 69985b447b3a83177237d46c

      at DocumentProcessor.processDocument (src/services/document-processor.service.ts:65:15)

  console.log
    [processor] Generating embeddings for 1 chunks...

      at DocumentProcessor.processDocument (src/services/document-processor.service.ts:68:15)

  console.log
    [processor] Saving 1 chunks to Atlas...

      at DocumentProcessor.processDocument (src/services/document-processor.service.ts:101:15)

  console.log
    [processor] Successfully processed document 69985b447b3a83177237d46c: 1 chunks in 4ms

      at DocumentProcessor.processDocument (src/services/document-processor.service.ts:109:15)

  console.log
    [processor] Splitting document 69985b447b3a83177237d470 into chunks...

      at DocumentProcessor.processDocument (src/services/document-processor.service.ts:58:15)

  console.log
    [processor] Created 1 chunks for document 69985b447b3a83177237d470

      at DocumentProcessor.processDocument (src/services/document-processor.service.ts:65:15)

  console.log
    [processor] Generating embeddings for 1 chunks...

      at DocumentProcessor.processDocument (src/services/document-processor.service.ts:68:15)

  console.log
    [processor] Saving 1 chunks to Atlas...

      at DocumentProcessor.processDocument (src/services/document-processor.service.ts:101:15)

  console.log
    [processor] Successfully processed document 69985b447b3a83177237d470: 1 chunks in 3ms

      at DocumentProcessor.processDocument (src/services/document-processor.service.ts:109:15)

  console.log
    [rag] Searching for: "test query..."

      at RAGService.search (src/services/ai/rag.service.ts:169:15)

  console.warn
    [rag] Embedding was empty or invalid, using fallback embedding

    [0m [90m 181 |[39m       [90m// use a deterministic fallback so the vector search can proceed in tests.[39m
     [90m 182 |[39m       [36mif[39m ([33m![39mqueryEmbedding [33m||[39m queryEmbedding[33m.[39mlength [33m===[39m [35m0[39m) {
    [31m[1m>[22m[39m[90m 183 |[39m         console[33m.[39mwarn([32m'[rag] Embedding was empty or invalid, using fallback embedding'[39m)[33m;[39m
     [90m     |[39m                 [31m[1m^[22m[39m
     [90m 184 |[39m         queryEmbedding [33m=[39m [36mnew[39m [33mArray[39m([33mEMBEDDING_DIMENSIONS[39m)[33m.[39mfill([35m0.01[39m)[33m;[39m
     [90m 185 |[39m       }
     [90m 186 |[39m[0m

      at RAGService.search (src/services/ai/rag.service.ts:183:17)
      at Object.<anonymous> (tests/integration/ai/multitenancy-rag.test.ts:188:7)

  console.log
    [rag] Searching for: "test query..."

      at RAGService.search (src/services/ai/rag.service.ts:169:15)

  console.warn
    [rag] Embedding was empty or invalid, using fallback embedding

    [0m [90m 181 |[39m       [90m// use a deterministic fallback so the vector search can proceed in tests.[39m
     [90m 182 |[39m       [36mif[39m ([33m![39mqueryEmbedding [33m||[39m queryEmbedding[33m.[39mlength [33m===[39m [35m0[39m) {
    [31m[1m>[22m[39m[90m 183 |[39m         console[33m.[39mwarn([32m'[rag] Embedding was empty or invalid, using fallback embedding'[39m)[33m;[39m
     [90m     |[39m                 [31m[1m^[22m[39m
     [90m 184 |[39m         queryEmbedding [33m=[39m [36mnew[39m [33mArray[39m([33mEMBEDDING_DIMENSIONS[39m)[33m.[39mfill([35m0.01[39m)[33m;[39m
     [90m 185 |[39m       }
     [90m 186 |[39m[0m

      at RAGService.search (src/services/ai/rag.service.ts:183:17)
      at Object.<anonymous> (tests/integration/ai/multitenancy-rag.test.ts:194:7)

  console.log
    [processor] Splitting document 69985b447b3a83177237d475 into chunks...

      at DocumentProcessor.processDocument (src/services/document-processor.service.ts:58:15)

  console.log
    [processor] Created 1 chunks for document 69985b447b3a83177237d475

      at DocumentProcessor.processDocument (src/services/document-processor.service.ts:65:15)

  console.log
    [processor] Generating embeddings for 1 chunks...

      at DocumentProcessor.processDocument (src/services/document-processor.service.ts:68:15)

  console.log
    [processor] Saving 1 chunks to Atlas...

      at DocumentProcessor.processDocument (src/services/document-processor.service.ts:101:15)

  console.log
    [processor] Successfully processed document 69985b447b3a83177237d475: 1 chunks in 4ms

      at DocumentProcessor.processDocument (src/services/document-processor.service.ts:109:15)

PASS tests/integration/ai/multitenancy-rag.test.ts
  RAG Multitenancy Security (RFE-AI-005) - Unit Tests
    ≡ƒöÉ Data Integrity - organizationId in Chunks
      ΓêÜ should include organizationId in all chunks created for org1 (3 ms)
      ΓêÜ should include organizationId in all chunks created for org2 (2 ms)
      ΓêÜ should have organizationId in ALL chunks across all documents (2 ms)
    ≡ƒöÉ Parameter Validation - organizationId Required
      ΓêÜ should reject search() without organizationId (30 ms)
      ΓêÜ should reject search() with whitespace-only organizationId (9 ms)
      ΓêÜ should reject searchInDocument() without organizationId (4 ms)
      ΓêÜ should reject answerQuestion() without proper parameters (3 ms)
      ΓêÜ should reject answerQuestionInDocument() without organizationId (2 
ms)
    ≡ƒöÉ Document Processor - organizationId Handling
      ΓêÜ should reject processDocument() without organizationId (19 ms)
      ΓêÜ should create chunks with correct organizationId (19 ms)
    ≡ƒô¥ Documentation - Vector Search Integration Tests
      ΓêÜ should document that $vectorSearch tests require real Atlas (1 ms)

PASS tests/unit/middlewares/auth.middleware.test.ts
  authenticateToken middleware
    ΓêÜ returns 401 when token is missing (213 ms)
    ΓêÜ handles invalid token (JsonWebTokenError) (187 ms)
    ΓêÜ handles expired token (TokenExpiredError) (107 ms)
    ΓêÜ returns 401 when user not found (2 ms)
    ΓêÜ returns 401 when user is deactivated (2 ms)
    ΓêÜ invalidates token on email mismatch (3 ms)
    ΓêÜ invalidates token on tokenVersion mismatch (2 ms)
    ΓêÜ succeeds and sets req.user and refreshes cookie when token valid (3 ms)

PASS tests/unit/services/notification.service.test.ts
  notification.service (unit)
    notifyOrganizationMembers
      ΓêÜ throws 400 for invalid actorUserId (38 ms)
      ΓêÜ throws 400 for invalid documentId (20 ms)
      ΓêÜ throws 403 when no active organization (2 ms)
      ΓêÜ returns [] when there are no recipients (no active memberships 
excluding actor) (3 ms)
      ΓêÜ persists notifications and uses provided emitter (does not call 
default emitToUser) (8 ms)
      ΓêÜ uses defaultEmitter when emitter not provided and swallows 
emitToUser errors (5 ms)
      ΓêÜ filters out falsy membership user ids and returns [] if all are 
invalid (2 ms)
      ΓêÜ emits payload id as undefined if _id missing (covers optional 
chaining) (2 ms)
    listNotifications
      ΓêÜ throws 400 for invalid userId (3 ms)
      ΓêÜ uses provided organizationId when valid (5 ms)
      ΓêÜ falls back to active organization when organizationId not provided 
(2 ms)
      ΓêÜ throws 403 when no org (provided null or active org missing/invalid) 
(3 ms)
      ΓêÜ adds readAt=null filter when unreadOnly is true (3 ms)
    markNotificationRead
      ΓêÜ throws 400 for invalid userId or notificationId (15 ms)
      ΓêÜ throws 404 when updateOne matchedCount is 0 (2 ms)
      ΓêÜ updates readAt when notification exists (3 ms)
    markAllRead
      ΓêÜ throws 400 for invalid userId (2 ms)
      ΓêÜ falls back to active organization when organizationId not provided 
(2 ms)
      ΓêÜ throws 403 when orgId missing/invalid (35 ms)
      ΓêÜ uses provided valid organizationId (1 ms)

PASS tests/unit/services/comment.service.test.ts
  comment.service (unit)
    createComment
      ΓêÜ throws 400 for invalid documentId (18 ms)
      ΓêÜ throws 400 for invalid userId (7 ms)
      ΓêÜ throws 400 when content is missing/blank (2 ms)
      ΓêÜ throws 404 when document not found (2 ms)
      ΓêÜ org doc: throws 403 when membership inactive (1 ms)
      ΓêÜ personal doc: throws 403 when not uploadedBy and not sharedWith (2 
ms)
      ΓêÜ personal doc: allows when user is uploadedBy (2 ms)
      ΓêÜ personal doc: allows when user is in sharedWith (2 ms)
      ΓêÜ org doc: creates comment with organization string + triggers notify 
w/ docName from originalname (2 ms)
      ΓêÜ org doc: notify uses filename fallback when originalname missing (1 
ms)
      ΓêÜ org doc: notify uses generic message when docName not available 
(also hits try/catch path) (1 ms)
    listComments
      ΓêÜ throws 400 for invalid ids (1 ms)
      ΓêÜ enforces access then returns chained query (sort/populate/select) (2 
ms)
    updateComment
      ΓêÜ throws 400 for invalid ids / blank content (3 ms)
      ΓêÜ throws 404 when comment not found (1 ms)
      ΓêÜ throws 403 when editing someone else comment (6 ms)
      ΓêÜ defense in depth: rechecks doc access and can throw 403 if lost 
access (2 ms)
      ΓêÜ updates comment content (trim) and does NOT notify for personal doc 
(1 ms)
      ΓêÜ org doc: updates comment and notifies with edited=true and docName 
fallback (2 ms)
      ΓêÜ org doc: notify uses generic message when docName throws (hits 
try/catch) (2 ms)

PASS tests/unit/services/folder.service.test.ts
  folder.service (unit)
    ΓêÜ validateFolderAccess throws 400 for invalid id (26 ms)
    ΓêÜ validateFolderAccess throws 404 when folder not found (2 ms)
    ΓêÜ validateFolderAccess throws 403 when no access (1 ms)
    ΓêÜ validateFolderAccess returns true when has access (1 ms)
    ΓêÜ getUserFolderTree returns null when no folders (1 ms)
    ΓêÜ getUserFolderTree builds a tree (1 ms)
    ΓêÜ createFolder validates required fields (6 ms)

PASS tests/unit/services/membership.service.test.ts
  membership.service (unit)
    ΓêÜ hasActiveMembership returns false for invalid userId (1 ms)
    ΓêÜ hasActiveMembership returns true when membership exists (1 ms)
    ΓêÜ getMembership returns null for invalid userId (6 ms)

  console.error
    Error sending invitation email: TypeError: Cannot read properties of undefined (reading 'replace')
        at createInvitation (C:\Users\Deivis\source\repos\Actividad-1_TFM-CloudDocsCopilot-backend-MVP\src\services\membership.service.ts:144:8)
        at Object.<anonymous> (C:\Users\Deivis\source\repos\Actividad-1_TFM-CloudDocsCopilot-backend-MVP\tests\unit\services\membership.service.invitations.test.ts:97:17)

    [0m [90m 28 |[39m     [36mreturn[39m[33m;[39m [90m// suppress in tests[39m
     [90m 29 |[39m   }
    [31m[1m>[22m[39m[90m 30 |[39m   originalConsoleError([33m...[39margs)[33m;[39m
     [90m    |[39m   [31m[1m^[22m[39m
     [90m 31 |[39m }[33m;[39m
     [90m 32 |[39m
     [90m 33 |[39m [90m// Mock email service to avoid real SMTP attempts during tests[39m[0m

      at console.Object.<anonymous>.console.error (tests/jest.setup.ts:30:3)
      at createInvitation (src/services/membership.service.ts:161:13)
      at Object.<anonymous> (tests/unit/services/membership.service.invitations.test.ts:97:17)

PASS tests/unit/services/membership.service.invitations.test.ts
  membership.service invitations
    ΓêÜ createInvitation validates userId format (221 ms)
    ΓêÜ createInvitation handles organization not found (19 ms)
    ΓêÜ createInvitation handles user/inviter missing (2 ms)
    ΓêÜ createInvitation returns membership and sends email on success (10 ms)

  console.log
    [text-extraction] Extracting text from test.txt (text/plain)

      at TextExtractionService.extractText (src/services/ai/text-extraction.service.ts:78:13)

  console.log
    [text-extraction] Extracted 47 chars (9 words)

      at TextExtractionService.extractText (src/services/ai/text-extraction.service.ts:105:15)

  console.log
    [text-extraction] Extracting text from test.md (text/markdown)

      at TextExtractionService.extractText (src/services/ai/text-extraction.service.ts:78:13)

  console.log
    [text-extraction] Extracted 38 chars (7 words)

      at TextExtractionService.extractText (src/services/ai/text-extraction.service.ts:105:15)

  console.log
    [text-extraction] Extracting text from test.txt (application/unsupported)

      at TextExtractionService.extractText (src/services/ai/text-extraction.service.ts:78:13)

  console.log
    [text-extraction] Extracting text from test.txt (application/unsupported)

      at TextExtractionService.extractText (src/services/ai/text-extraction.service.ts:78:13)

  console.log
    [text-extraction] Extracting text from word-count-test.txt (text/plain)

      at TextExtractionService.extractText (src/services/ai/text-extraction.service.ts:78:13)

  console.log
    [text-extraction] Extracted 13 chars (3 words)

      at TextExtractionService.extractText (src/services/ai/text-extraction.service.ts:105:15)

  console.log
    [text-extraction] Extracting text from word-count-test.txt (text/plain)

      at TextExtractionService.extractText (src/services/ai/text-extraction.service.ts:78:13)

  console.log
    [text-extraction] Extracted 6 chars (1 words)

      at TextExtractionService.extractText (src/services/ai/text-extraction.service.ts:105:15)

  console.log
    [text-extraction] Extracting text from word-count-test.txt (text/plain)

      at TextExtractionService.extractText (src/services/ai/text-extraction.service.ts:78:13)

  console.log
    [text-extraction] Extracted 27 chars (3 words)

      at TextExtractionService.extractText (src/services/ai/text-extraction.service.ts:105:15)

  console.log
    [text-extraction] Extracting text from word-count-test.txt (text/plain)

      at TextExtractionService.extractText (src/services/ai/text-extraction.service.ts:78:13)

  console.log
    [text-extraction] Extracted 16 chars (3 words)

      at TextExtractionService.extractText (src/services/ai/text-extraction.service.ts:105:15)

  console.log
    [text-extraction] Extracting text from word-count-test.txt (text/plain)

      at TextExtractionService.extractText (src/services/ai/text-extraction.service.ts:78:13)

  console.log
    [text-extraction] Extracted 0 chars (0 words)

      at TextExtractionService.extractText (src/services/ai/text-extraction.service.ts:105:15)

  console.log
    [text-extraction] Extracting text from word-count-test.txt (text/plain)

      at TextExtractionService.extractText (src/services/ai/text-extraction.service.ts:78:13)

  console.log
    [text-extraction] Extracted 0 chars (0 words)

      at TextExtractionService.extractText (src/services/ai/text-extraction.service.ts:105:15)

PASS tests/unit/services/text-extraction.service.test.ts
  TextExtractionService
    extractText
      ΓêÜ should extract text from TXT file (6 ms)
      ΓêÜ should extract text from MD file (4 ms)
      ΓêÜ should throw error for non-existent file (3 ms)
      ΓêÜ should throw error for unsupported MIME type (5 ms)
      ΓêÜ should throw error for directory instead of file (2 ms)
    isSupportedMimeType
      ΓêÜ should return true for supported MIME types (8 ms)
      ΓêÜ should return false for unsupported MIME types (1 ms)
    getSupportedMimeTypes
      ΓêÜ should return array of supported MIME types (1 ms)
    word counting
      ΓêÜ should count words correctly (15 ms)

PASS tests/unit/services/organization.service.test.ts
  organization.service (unit)
    ΓêÜ createOrganization throws 404 when owner not found (13 ms)
    ΓêÜ getOrganizationById throws 404 when not found (3 ms)
    ΓêÜ getOrganizationStorageStats throws 404 when org not found (8 ms)

  console.log
    [atlas] Connecting to MongoDB Atlas...

      at getDb (src/configurations/database-config/mongoAtlas.ts:52:13)

  console.log
    [atlas] MongoDB Atlas connected successfully

      at getDb (src/configurations/database-config/mongoAtlas.ts:71:13)

  console.log
    [atlas] Connecting to MongoDB Atlas...

      at getDb (src/configurations/database-config/mongoAtlas.ts:52:13)

  console.log
    [atlas] MongoDB Atlas connected successfully

      at getDb (src/configurations/database-config/mongoAtlas.ts:71:13)

  console.log
    [atlas] Connecting to MongoDB Atlas...

      at getDb (src/configurations/database-config/mongoAtlas.ts:52:13)

  console.log
    [atlas] MongoDB Atlas connected successfully

      at getDb (src/configurations/database-config/mongoAtlas.ts:71:13)

  console.log
    [atlas] Connecting to MongoDB Atlas...

      at getDb (src/configurations/database-config/mongoAtlas.ts:52:13)

  console.log
    [atlas] MongoDB Atlas connected successfully

      at getDb (src/configurations/database-config/mongoAtlas.ts:71:13)

  console.log
    [atlas] Connecting to MongoDB Atlas...

      at getDb (src/configurations/database-config/mongoAtlas.ts:52:13)

  console.log
    [atlas] MongoDB Atlas connected successfully

      at getDb (src/configurations/database-config/mongoAtlas.ts:71:13)

  console.log
    [atlas] Connecting to MongoDB Atlas...

      at getDb (src/configurations/database-config/mongoAtlas.ts:52:13)

  console.log
    [atlas] MongoDB Atlas connected successfully

      at getDb (src/configurations/database-config/mongoAtlas.ts:71:13)

  console.log
    [atlas] MongoDB Atlas connection closed

      at closeAtlasConnection (src/configurations/database-config/mongoAtlas.ts:94:15)

  console.log
    [atlas] Connecting to MongoDB Atlas...

      at getDb (src/configurations/database-config/mongoAtlas.ts:52:13)

  console.log
    [atlas] MongoDB Atlas connected successfully

      at getDb (src/configurations/database-config/mongoAtlas.ts:71:13)

  console.log
    [atlas] Connecting to MongoDB Atlas...

      at getDb (src/configurations/database-config/mongoAtlas.ts:52:13)

  console.log
    [atlas] MongoDB Atlas connected successfully

      at getDb (src/configurations/database-config/mongoAtlas.ts:71:13)

  console.log
    [atlas] Connecting to MongoDB Atlas...

      at getDb (src/configurations/database-config/mongoAtlas.ts:52:13)

  console.log
    [atlas] MongoDB Atlas connected successfully

      at getDb (src/configurations/database-config/mongoAtlas.ts:71:13)

  console.log
    [atlas] Connecting to MongoDB Atlas...

      at getDb (src/configurations/database-config/mongoAtlas.ts:52:13)

  console.log
    [atlas] MongoDB Atlas connected successfully

      at getDb (src/configurations/database-config/mongoAtlas.ts:71:13)

  console.log
    [atlas] Connecting to MongoDB Atlas...

      at getDb (src/configurations/database-config/mongoAtlas.ts:52:13)

  console.log
    [atlas] MongoDB Atlas connected successfully

      at getDb (src/configurations/database-config/mongoAtlas.ts:71:13)

  console.log
    [atlas] Connecting to MongoDB Atlas...

      at getDb (src/configurations/database-config/mongoAtlas.ts:52:13)

  console.log
    [atlas] MongoDB Atlas connected successfully

      at getDb (src/configurations/database-config/mongoAtlas.ts:71:13)

  console.log
    [atlas] MongoDB Atlas connection closed

      at closeAtlasConnection (src/configurations/database-config/mongoAtlas.ts:94:15)

PASS tests/unit/configs/mongoAtlas.connected.test.ts
  MongoDB Atlas Configuration - Connection Lifecycle
    connectToMongoAtlas (getDb) - Protocol and Options
      ΓêÜ should accept mongodb+srv protocol (11 ms)
      ΓêÜ should use correct MongoDB client options (7 ms)
    getClient - Instance Management
      ΓêÜ should return client instance after connection (7 ms)
      ΓêÜ should return same instance on multiple calls (singleton) (6 ms)
      ΓêÜ should provide access to database methods (5 ms)
    closeAtlasConnection - Disconnect
      ΓêÜ should disconnect successfully (16 ms)
    URI validation - Format Variations
      ΓêÜ should accept valid MongoDB Atlas URI format (15 ms)
      ΓêÜ should handle URIs with special characters in password (8 ms)
      ΓêÜ should handle URIs with query parameters (8 ms)
    connection lifecycle - Full Flow
      ΓêÜ should support connect -> use -> disconnect flow (7 ms)

  console.error
    [mongoose-validation-error] { name: 'ValidationError', message: 'Validation failed' }

    [0m [90m 28 |[39m     [36mreturn[39m[33m;[39m [90m// suppress in tests[39m
     [90m 29 |[39m   }
    [31m[1m>[22m[39m[90m 30 |[39m   originalConsoleError([33m...[39margs)[33m;[39m
     [90m    |[39m   [31m[1m^[22m[39m
     [90m 31 |[39m }[33m;[39m
     [90m 32 |[39m
     [90m 33 |[39m [90m// Mock email service to avoid real SMTP attempts during tests[39m[0m

      at console.Object.<anonymous>.console.error (tests/jest.setup.ts:30:3)
      at mapMongooseError (src/middlewares/error.middleware.ts:23:13)
      at errorHandler (src/middlewares/error.middleware.ts:78:26)
      at Object.<anonymous> (tests/unit/middlewares/error.middleware.test.ts:52:19)

PASS tests/unit/middlewares/error.middleware.test.ts
  error.middleware
    HttpError
      ΓêÜ should handle HttpError with custom status and message (3 ms)
      ΓêÜ should handle HttpError with 403 (1 ms)
    Mongoose Errors
      ΓêÜ should handle ValidationError (6 ms)
      ΓêÜ should handle CastError (2 ms)
      ΓêÜ should handle duplicate key error with owner+name pattern (1 ms)
      ΓêÜ should handle duplicate key error with name field (1 ms)
      ΓêÜ should handle duplicate key error with generic field (2 ms)
    JWT Errors
      ΓêÜ should handle TokenExpiredError (2 ms)
      ΓêÜ should handle JsonWebTokenError (1 ms)
    Multer Errors
      ΓêÜ should handle LIMIT_FILE_SIZE error (2 ms)
      ΓêÜ should handle LIMIT_FILE_COUNT error (7 ms)
    Generic Error
      ΓêÜ should handle unhandled generic error (1 ms)
      ΓêÜ should handle error without name property (1 ms)

  console.error
    Error in search controller: Error: Search failed
        at Object.<anonymous> (C:\Users\Deivis\source\repos\Actividad-1_TFM-CloudDocsCopilot-backend-MVP\tests\unit\controllers\search.controller.test.ts:74:70)
        at Promise.then.completed (C:\Users\Deivis\source\repos\Actividad-1_TFM-CloudDocsCopilot-backend-MVP\node_modules\jest-circus\build\utils.js:298:28)
        at new Promise (<anonymous>)
        at callAsyncCircusFn (C:\Users\Deivis\source\repos\Actividad-1_TFM-CloudDocsCopilot-backend-MVP\node_modules\jest-circus\build\utils.js:231:10)
        at _callCircusTest (C:\Users\Deivis\source\repos\Actividad-1_TFM-CloudDocsCopilot-backend-MVP\node_modules\jest-circus\build\run.js:316:40)
        at _runTest (C:\Users\Deivis\source\repos\Actividad-1_TFM-CloudDocsCopilot-backend-MVP\node_modules\jest-circus\build\run.js:252:3)
        at _runTestsForDescribeBlock (C:\Users\Deivis\source\repos\Actividad-1_TFM-CloudDocsCopilot-backend-MVP\node_modules\jest-circus\build\run.js:126:9)
        at _runTestsForDescribeBlock (C:\Users\Deivis\source\repos\Actividad-1_TFM-CloudDocsCopilot-backend-MVP\node_modules\jest-circus\build\run.js:121:9)
        at _runTestsForDescribeBlock (C:\Users\Deivis\source\repos\Actividad-1_TFM-CloudDocsCopilot-backend-MVP\node_modules\jest-circus\build\run.js:121:9)
        at run (C:\Users\Deivis\source\repos\Actividad-1_TFM-CloudDocsCopilot-backend-MVP\node_modules\jest-circus\build\run.js:71:3)
        at runAndTransformResultsToJestFormat (C:\Users\Deivis\source\repos\Actividad-1_TFM-CloudDocsCopilot-backend-MVP\node_modules\jest-circus\build\legacy-code-todo-rewrite\jestAdapterInit.js:122:21)
        at jestAdapter (C:\Users\Deivis\source\repos\Actividad-1_TFM-CloudDocsCopilot-backend-MVP\node_modules\jest-circus\build\legacy-code-todo-rewrite\jestAdapter.js:79:19)
        at runTestInternal (C:\Users\Deivis\source\repos\Actividad-1_TFM-CloudDocsCopilot-backend-MVP\node_modules\jest-runner\build\runTest.js:367:16)
        at runTest (C:\Users\Deivis\source\repos\Actividad-1_TFM-CloudDocsCopilot-backend-MVP\node_modules\jest-runner\build\runTest.js:444:34)

    [0m [90m 28 |[39m     [36mreturn[39m[33m;[39m [90m// suppress in tests[39m
     [90m 29 |[39m   }
    [31m[1m>[22m[39m[90m 30 |[39m   originalConsoleError([33m...[39margs)[33m;[39m
     [90m    |[39m   [31m[1m^[22m[39m
     [90m 31 |[39m }[33m;[39m
     [90m 32 |[39m
     [90m 33 |[39m [90m// Mock email service to avoid real SMTP attempts during tests[39m[0m

      at console.Object.<anonymous>.console.error (tests/jest.setup.ts:30:3)
      at Object.search (src/controllers/search.controller.ts:39:13)
      at Object.<anonymous> (tests/unit/controllers/search.controller.test.ts:76:7)

  console.error
    Error in autocomplete controller: Error: Failed
        at Object.<anonymous> (C:\Users\Deivis\source\repos\Actividad-1_TFM-CloudDocsCopilot-backend-MVP\tests\unit\controllers\search.controller.test.ts:111:9)
        at Promise.then.completed (C:\Users\Deivis\source\repos\Actividad-1_TFM-CloudDocsCopilot-backend-MVP\node_modules\jest-circus\build\utils.js:298:28)
        at new Promise (<anonymous>)
        at callAsyncCircusFn (C:\Users\Deivis\source\repos\Actividad-1_TFM-CloudDocsCopilot-backend-MVP\node_modules\jest-circus\build\utils.js:231:10)
        at _callCircusTest (C:\Users\Deivis\source\repos\Actividad-1_TFM-CloudDocsCopilot-backend-MVP\node_modules\jest-circus\build\run.js:316:40)
        at _runTest (C:\Users\Deivis\source\repos\Actividad-1_TFM-CloudDocsCopilot-backend-MVP\node_modules\jest-circus\build\run.js:252:3)
        at _runTestsForDescribeBlock (C:\Users\Deivis\source\repos\Actividad-1_TFM-CloudDocsCopilot-backend-MVP\node_modules\jest-circus\build\run.js:126:9)
        at _runTestsForDescribeBlock (C:\Users\Deivis\source\repos\Actividad-1_TFM-CloudDocsCopilot-backend-MVP\node_modules\jest-circus\build\run.js:121:9)
        at _runTestsForDescribeBlock (C:\Users\Deivis\source\repos\Actividad-1_TFM-CloudDocsCopilot-backend-MVP\node_modules\jest-circus\build\run.js:121:9)
        at run (C:\Users\Deivis\source\repos\Actividad-1_TFM-CloudDocsCopilot-backend-MVP\node_modules\jest-circus\build\run.js:71:3)
        at runAndTransformResultsToJestFormat (C:\Users\Deivis\source\repos\Actividad-1_TFM-CloudDocsCopilot-backend-MVP\node_modules\jest-circus\build\legacy-code-todo-rewrite\jestAdapterInit.js:122:21)
        at jestAdapter (C:\Users\Deivis\source\repos\Actividad-1_TFM-CloudDocsCopilot-backend-MVP\node_modules\jest-circus\build\legacy-code-todo-rewrite\jestAdapter.js:79:19)
        at runTestInternal (C:\Users\Deivis\source\repos\Actividad-1_TFM-CloudDocsCopilot-backend-MVP\node_modules\jest-runner\build\runTest.js:367:16)
        at runTest (C:\Users\Deivis\source\repos\Actividad-1_TFM-CloudDocsCopilot-backend-MVP\node_modules\jest-runner\build\runTest.js:444:34)

    [0m [90m 28 |[39m     [36mreturn[39m[33m;[39m [90m// suppress in tests[39m
     [90m 29 |[39m   }
    [31m[1m>[22m[39m[90m 30 |[39m   originalConsoleError([33m...[39margs)[33m;[39m
     [90m    |[39m   [31m[1m^[22m[39m
     [90m 31 |[39m }[33m;[39m
     [90m 32 |[39m
     [90m 33 |[39m [90m// Mock email service to avoid real SMTP attempts during tests[39m[0m

      at console.Object.<anonymous>.console.error (tests/jest.setup.ts:30:3)
      at Object.autocomplete (src/controllers/search.controller.ts:70:13)
      at Object.<anonymous> (tests/unit/controllers/search.controller.test.ts:114:7)

PASS tests/unit/controllers/search.controller.test.ts
  SearchController
    search
      ΓêÜ should return 400 when q parameter is missing (3 ms)
      ΓêÜ should return 400 when q parameter is not a string (1 ms)
      ΓêÜ should call searchDocuments with correct params (1 ms)
      ΓêÜ should handle errors and call next with HttpError (12 ms)
    autocomplete
      ΓêÜ should return 400 when q parameter is missing (1 ms)
      ΓêÜ should call getAutocompleteSuggestions with correct params (7 ms)
      ΓêÜ should handle errors and call next with HttpError (4 ms)

PASS tests/unit/services/search.filters.test.ts
  search.service - filter branches
    ΓêÜ searchDocuments applies organization, mimeType and date range filters 
(6 ms)

PASS tests/unit/middlewares/organization.middleware.test.ts
  organization.middleware
    ΓêÜ validateOrganizationMembership returns 400 when no id (264 ms)
    ΓêÜ validateOrganizationMembership returns 404 when org not found (2 ms)
    ΓêÜ validateOrganizationMembership returns 403 when org inactive (1 ms)
    ΓêÜ validateOrganizationMembership attaches org when active member (2 ms)
    ΓêÜ validateOrganizationOwnership allows owner (2 ms)
    ΓêÜ validateOrganizationOwnership denies non-owner (2 ms)
    ΓêÜ requireActiveOrganization returns 403 when no active org (1 ms)
    ΓêÜ requireActiveOrganization attaches organization when found and active 
(1 ms)
    ΓêÜ validateMinimumRole denies when role too low (1 ms)
    ΓêÜ validateMinimumRole allows when sufficient role (1 ms)

PASS tests/unit/services/user.service.test.ts
  user.service (unit - branches)
    getUserById
      ΓêÜ should throw 404 when user not found (19 ms)
      ΓêÜ should return user when found (3 ms)
    setUserActive
      ΓêÜ should return user without changes when active state is the same (2 
ms)
      ΓêÜ should update active state when different (1 ms)
      ΓêÜ should throw 404 when user not found (2 ms)
    updateUser
      ΓêÜ should update only name when provided (2 ms)
      ΓêÜ should update only email when provided (10 ms)
      ΓêÜ should update preferences when provided (2 ms)
      ΓêÜ should throw 404 when user not found (1 ms)
    changePassword
      ΓêÜ should throw 401 when current password is incorrect (2 ms)
      ΓêÜ should update password and increment tokenVersion on success (2 ms)
      ΓêÜ should throw 404 when user not found (2 ms)
    deleteUser
      ΓêÜ should throw 404 when user not found (2 ms)
      ΓêÜ should delete user when found (2 ms)
    updateAvatar
      ΓêÜ should throw 404 when user not found (3 ms)
      ΓêÜ should update avatar when user found (2 ms)
    findUsersByEmail
      ΓêÜ should return empty array when email is empty (2 ms)
      ΓêÜ should throw 400 on invalid excludeUserId (3 ms)
      ΓêÜ should throw 400 on invalid organizationId (1 ms)
      ΓêÜ should find users with valid filters (2 ms)

  console.log
    ≡ƒöô Using DEVELOPMENT CORS configuration

      at getCorsOptions (src/configurations/cors-config.ts:202:13)

  console.log
    ≡ƒöô Using DEVELOPMENT CORS configuration

      at getCorsOptions (src/configurations/cors-config.ts:202:13)

  console.log
    ≡ƒöÆ Using PRODUCTION CORS configuration

      at getCorsOptions (src/configurations/cors-config.ts:196:15)

  console.warn
    ΓÜá∩╕Å  WARNING: No ALLOWED_ORIGINS defined in production environment. API will reject all cross-origin requests!

    [0m [90m 33 |[39m
     [90m 34 |[39m     [36mif[39m ([33m![39morigins) {
    [31m[1m>[22m[39m[90m 35 |[39m       console[33m.[39mwarn(
     [90m    |[39m               [31m[1m^[22m[39m
     [90m 36 |[39m         [32m'ΓÜá∩╕Å  WARNING: No ALLOWED_ORIGINS defined in production environment. '[39m [33m+[39m
     [90m 37 |[39m           [32m'API will reject all cross-origin requests!'[39m
     [90m 38 |[39m       )[33m;[39m[0m

      at getAllowedOrigins (src/configurations/cors-config.ts:35:15)
      at origin (src/configurations/cors-config.ts:130:28)
      at Object.<anonymous> (tests/unit/configs/cors-config.test.ts:36:5)

  console.error
    ≡ƒÜ¿ SECURITY: CORS blocked unauthorized access attempt from origin: https://evil.com {
      timestamp: '2026-02-20T13:02:02.198Z',
      origin: 'https://evil.com',
      allowedOrigins: []
    }

    [0m [90m 28 |[39m     [36mreturn[39m[33m;[39m [90m// suppress in tests[39m
     [90m 29 |[39m   }
    [31m[1m>[22m[39m[90m 30 |[39m   originalConsoleError([33m...[39margs)[33m;[39m
     [90m    |[39m   [31m[1m^[22m[39m
     [90m 31 |[39m }[33m;[39m
     [90m 32 |[39m
     [90m 33 |[39m [90m// Mock email service to avoid real SMTP attempts during tests[39m[0m

      at console.Object.<anonymous>.console.error (tests/jest.setup.ts:30:3)
      at origin (src/configurations/cors-config.ts:148:15)
      at Object.<anonymous> (tests/unit/configs/cors-config.test.ts:36:5)

  console.log
    ≡ƒöÆ Using PRODUCTION CORS configuration

      at getCorsOptions (src/configurations/cors-config.ts:196:15)

  console.log
    ≡ƒöÆ Using PRODUCTION CORS configuration

      at getCorsOptions (src/configurations/cors-config.ts:196:15)

PASS tests/unit/configs/cors-config.test.ts
  cors-config
    ΓêÜ returns development options by default and allows localhost origin (5 
ms)
    ΓêÜ development allows no origin (e.g., curl) (3 ms)
    ΓêÜ production blocks when ALLOWED_ORIGINS not set (12 ms)
    ΓêÜ production allows origin in ALLOWED_ORIGINS (2 ms)
    ΓêÜ production rejects missing origin header when ALLOW_NO_ORIGIN is false 
(3 ms)

PASS tests/unit/services/auth.service.test.ts
  Auth Service (consolidated)
    ΓêÜ registerUser rejects invalid name or email (18 ms)
    ΓêÜ registerUser creates user in test env and returns sanitized object (2 
ms)
    ΓêÜ loginUser handles not found, inactive and bad password (2 ms)
    ΓêÜ loginUser returns token and user on success (2 ms)
    ΓêÜ requestPasswordReset and resetPassword flows (2 ms)
    ΓêÜ confirmUserAccount handles jwt verify paths (1 ms)
    ΓêÜ escapeHtml and hashResetToken utilities work (1 ms)

  console.log
    Γ£à OpenAI client initialized

      at Function.getInstance (src/configurations/openai-config.ts:44:15)

PASS tests/unit/configs/openai-config.test.ts
  OpenAI Configuration
    getOpenAIClient
      ΓêÜ should return OpenAI client instance when API key is configured (10 
ms)
      ΓêÜ should throw error when API key is not configured (15 ms)
      ΓêÜ should return same instance on multiple calls (singleton) (3 ms)
      ΓêÜ should reject empty API key (4 ms)
      ΓêÜ should reject whitespace-only API key (4 ms)
      ΓêÜ should handle API key from environment correctly (2 ms)
      ΓêÜ should expose chat completions API (2 ms)
      ΓêÜ should be ready for embeddings API (2 ms)
    configuration validation
      ΓêÜ should validate API key format (starts with sk-) (16 ms)
      ΓêÜ should accept various valid API key formats (2 ms)
    error handling
      ΓêÜ should provide helpful error message when key is missing (3 ms)
      ΓêÜ should handle undefined environment variable (3 ms)

PASS tests/integration/controllers/comment.controller.test.ts
  comment.controller (unit)
    create
      ΓêÜ returns 400 when content missing (3 ms)
      ΓêÜ creates comment and returns 201 (2 ms)
      ΓêÜ passes errors to next() (1 ms)
    listByDocument
      ΓêÜ returns 400 when documentId missing (2 ms)
      ΓêÜ lists comments and returns count (1 ms)
      ΓêÜ passes errors to next() (1 ms)
    update
      ΓêÜ returns 400 when content missing (1 ms)
      ΓêÜ updates comment and returns success (2 ms)
      ΓêÜ passes errors to next() (1 ms)

  console.log
    [ai-provider-factory] Initializing AI provider: ollama

      at getAIProvider (src/services/ai/providers/provider.factory.ts:37:11)

  console.log
    [ollama-provider] Initialized with chat model: llama3.2:3b, embedding model: nomic-embed-text

      at new OllamaProvider (src/services/ai/providers/ollama.provider.ts:44:13)

  console.log
    [ai-provider-factory] AI provider initialized: ollama

      at getAIProvider (src/services/ai/providers/provider.factory.ts:58:11)

  console.log
    [llm] Generating response with provider ollama...

      at LlmService.generateResponse (src/services/ai/llm.service.ts:41:15)

  console.log
    [ollama-provider] Generating response with llama3.2:3b...

      at OllamaProvider.generateResponse (src/services/ai/providers/ollama.provider.ts:137:15)

  console.log
    [llm] Generating response with provider ollama...

      at LlmService.generateResponse (src/services/ai/llm.service.ts:41:15)

  console.log
    [ollama-provider] Generating response with llama3.2:3b...

      at OllamaProvider.generateResponse (src/services/ai/providers/ollama.provider.ts:137:15)

  console.log
    [llm] Generating response with provider ollama...

      at LlmService.generateResponse (src/services/ai/llm.service.ts:41:15)

  console.log
    [ollama-provider] Generating response with llama3.2:3b...

      at OllamaProvider.generateResponse (src/services/ai/providers/ollama.provider.ts:137:15)

  console.log
    [llm] Generating response with provider ollama...

      at LlmService.generateResponse (src/services/ai/llm.service.ts:41:15)

  console.log
    [ollama-provider] Generating response with llama3.2:3b...

      at OllamaProvider.generateResponse (src/services/ai/providers/ollama.provider.ts:137:15)

  console.log
    [llm] Generating response with provider ollama...

      at LlmService.generateResponse (src/services/ai/llm.service.ts:41:15)

  console.log
    [ollama-provider] Generating response with llama3.2:3b...

      at OllamaProvider.generateResponse (src/services/ai/providers/ollama.provider.ts:137:15)

  console.log
    [llm] Generating response with provider ollama...

      at LlmService.generateResponse (src/services/ai/llm.service.ts:41:15)

  console.log
    [ollama-provider] Generating response with llama3.2:3b...

      at OllamaProvider.generateResponse (src/services/ai/providers/ollama.provider.ts:137:15)

  console.log
    [llm] Generating response with provider ollama...

      at LlmService.generateResponse (src/services/ai/llm.service.ts:41:15)

  console.log
    [ollama-provider] Generating response with llama3.2:3b...

      at OllamaProvider.generateResponse (src/services/ai/providers/ollama.provider.ts:137:15)

  console.log
    [llm] Generating response with provider ollama...

      at LlmService.generateResponse (src/services/ai/llm.service.ts:41:15)

  console.log
    [ollama-provider] Generating response with llama3.2:3b...

      at OllamaProvider.generateResponse (src/services/ai/providers/ollama.provider.ts:137:15)

  console.log
    [llm] Generating streaming response with provider ollama...

      at LlmService.generateResponseStream (src/services/ai/llm.service.ts:94:15)

  console.log
    [ollama-provider] Generating response with llama3.2:3b...

      at OllamaProvider.generateResponse (src/services/ai/providers/ollama.provider.ts:137:15)

  console.log
    [llm] Generating response with provider ollama...

      at LlmService.generateResponse (src/services/ai/llm.service.ts:41:15)

  console.log
    [ollama-provider] Generating response with llama3.2:3b...

      at OllamaProvider.generateResponse (src/services/ai/providers/ollama.provider.ts:137:15)

  console.log
    [llm] Generating response with provider ollama...

      at LlmService.generateResponse (src/services/ai/llm.service.ts:41:15)

  console.log
    [ollama-provider] Generating response with llama3.2:3b...

      at OllamaProvider.generateResponse (src/services/ai/providers/ollama.provider.ts:137:15)

FAIL tests/unit/services/llm.service.test.ts (252.142 s)
  LLMService
    generateResponse
      ├ù should generate response for a prompt (30001 ms)
      ├ù should handle empty response from API (6377 ms)
      ├ù should throw error when API fails (2032 ms)
      ├ù should handle missing choices in response (2876 ms)
      ├ù should handle long prompts (30007 ms)
      ├ù should use correct temperature setting (30017 ms)
      ├ù should handle special characters in prompt (30016 ms)
      ├ù should handle missing usage data gracefully (30015 ms)
    generateResponseStream
      ├ù should handle streaming responses (30007 ms)
    edge cases
      ΓêÜ should handle null or undefined prompt gracefully (9 ms)
      ├ù should handle rate limit errors (30011 ms)
      ├ù should handle authentication errors (30012 ms)

  ΓùÅ LLMService ΓÇ║ generateResponse ΓÇ║ should generate response for a prompt

    thrown: "Exceeded timeout of 30000 ms for a test.
    Add a timeout value to this test to increase the timeout, if this is a 
long-running test. See https://jestjs.io/docs/api#testname-fn-timeout."

    [0m [90m 28 |[39m
     [90m 29 |[39m   describe([32m'generateResponse'[39m[33m,[39m () 
[33m=>[39m {
    [31m[1m>[22m[39m[90m 30 |[39m     it([32m'should generate response 
for a prompt'[39m[33m,[39m [36masync[39m () [33m=>[39m {
     [90m    |[39m     [31m[1m^[22m[39m
     [90m 31 |[39m       mockCreate[33m.[39mmockResolvedValue({
     [90m 32 |[39m         choices[33m:[39m [
     [90m 33 |[39m           {[0m

      at tests/unit/services/llm.service.test.ts:30:5
      at tests/unit/services/llm.service.test.ts:29:3
      at Object.<anonymous> (tests/unit/services/llm.service.test.ts:12:1)

  ΓùÅ LLMService ΓÇ║ generateResponse ΓÇ║ should handle empty response from API

    expect(received).toBe(expected) // Object.is equality

    Expected: ""
    Received: "I'm ready to help. What kind of test would you like me to 
administer? Would you like a:┬╖
    1. Trivia test on a specific topic?
    2. Language proficiency test (e.g., grammar, vocabulary)?
    3. Logic or reasoning puzzle test?
    4. Something else?┬╖
    Let me know, and I'll do my best to create an engaging test for you!"

    [0m [90m 76 |[39m       [36mconst[39m result [33m=[39m 
[36mawait[39m llmService[33m.[39mgenerateResponse([32m'Test 
prompt'[39m)[33m;[39m
     [90m 77 |[39m
    [31m[1m>[22m[39m[90m 78 |[39m       
expect(result)[33m.[39mtoBe([32m''[39m)[33m;[39m
     [90m    |[39m                      [31m[1m^[22m[39m
     [90m 79 |[39m     })[33m;[39m
     [90m 80 |[39m
     [90m 81 |[39m     it([32m'should throw error when API 
fails'[39m[33m,[39m [36masync[39m () [33m=>[39m {[0m

      at Object.<anonymous> (tests/unit/services/llm.service.test.ts:78:22)

  ΓùÅ LLMService ΓÇ║ generateResponse ΓÇ║ should throw error when API fails

    expect(received).rejects.toThrow()

    Received promise resolved instead of rejected
    Resolved to value: "I'm ready to help. What would you like me to test? A 
language model, a chatbot, or something else?"

    [0m [90m 82 |[39m       
mockCreate[33m.[39mmockRejectedValue([36mnew[39m [33mError[39m([32m'API 
unavailable'[39m))[33m;[39m
     [90m 83 |[39m
    [31m[1m>[22m[39m[90m 84 |[39m       [36mawait[39m 
expect(llmService[33m.[39mgenerateResponse([32m'Test prompt'[39m))[33m.[3
9mrejects[33m.[39mtoThrow([33mHttpError[39m)[33m;[39m
     [90m    |[39m             [31m[1m^[22m[39m
     [90m 85 |[39m     })[33m;[39m
     [90m 86 |[39m
     [90m 87 |[39m     it([32m'should handle missing choices in 
response'[39m[33m,[39m [36masync[39m () [33m=>[39m {[0m

      at expect (node_modules/expect/build/index.js:113:15)
      at Object.<anonymous> (tests/unit/services/llm.service.test.ts:84:13)

  ΓùÅ LLMService ΓÇ║ generateResponse ΓÇ║ should handle missing choices in 
response

    expect(received).rejects.toThrow()

    Received promise resolved instead of rejected
    Resolved to value: "It looks like you're testing to make sure I'm working 
properly. Is there anything specific you'd like to chat about or ask for help 
with? I'm here to assist you!"

    [0m [90m 90 |[39m       })[33m;[39m
     [90m 91 |[39m
    [31m[1m>[22m[39m[90m 92 |[39m       [36mawait[39m expect(llmService
[33m.[39mgenerateResponse([32m'Test'[39m))[33m.[39mrejects[33m.[39mtoTh
row(
     [90m    |[39m             [31m[1m^[22m[39m
     [90m 93 |[39m         [32m'Empty response from OpenAI API'[39m
     [90m 94 |[39m       )[33m;[39m
     [90m 95 |[39m     })[33m;[39m[0m

      at expect (node_modules/expect/build/index.js:113:15)
      at Object.<anonymous> (tests/unit/services/llm.service.test.ts:92:13)

  ΓùÅ LLMService ΓÇ║ generateResponse ΓÇ║ should handle long prompts

    thrown: "Exceeded timeout of 30000 ms for a test.
    Add a timeout value to this test to increase the timeout, if this is a 
long-running test. See https://jestjs.io/docs/api#testname-fn-timeout."

    [0m [90m  95 |[39m     })[33m;[39m
     [90m  96 |[39m
    [31m[1m>[22m[39m[90m  97 |[39m     it([32m'should handle long 
prompts'[39m[33m,[39m [36masync[39m () [33m=>[39m {
     [90m     |[39m     [31m[1m^[22m[39m
     [90m  98 |[39m       [36mconst[39m longPrompt [33m=[39m [32m'word 
'[39m[33m.[39mrepeat([35m5000[39m)[33m;[39m
     [90m  99 |[39m
     [90m 100 |[39m       mockCreate[33m.[39mmockResolvedValue({[0m

      at tests/unit/services/llm.service.test.ts:97:5
      at tests/unit/services/llm.service.test.ts:29:3
      at Object.<anonymous> (tests/unit/services/llm.service.test.ts:12:1)

  ΓùÅ LLMService ΓÇ║ generateResponse ΓÇ║ should use correct temperature 
setting

    thrown: "Exceeded timeout of 30000 ms for a test.
    Add a timeout value to this test to increase the timeout, if this is a 
long-running test. See https://jestjs.io/docs/api#testname-fn-timeout."

    [0m [90m 114 |[39m     })[33m;[39m
     [90m 115 |[39m
    [31m[1m>[22m[39m[90m 116 |[39m     it([32m'should use correct 
temperature setting'[39m[33m,[39m [36masync[39m () [33m=>[39m {
     [90m     |[39m     [31m[1m^[22m[39m
     [90m 117 |[39m       mockCreate[33m.[39mmockResolvedValue({
     [90m 118 |[39m         choices[33m:[39m [
     [90m 119 |[39m           {[0m

      at tests/unit/services/llm.service.test.ts:116:5
      at tests/unit/services/llm.service.test.ts:29:3
      at Object.<anonymous> (tests/unit/services/llm.service.test.ts:12:1)

  ΓùÅ LLMService ΓÇ║ generateResponse ΓÇ║ should handle special characters in 
prompt

    thrown: "Exceeded timeout of 30000 ms for a test.
    Add a timeout value to this test to increase the timeout, if this is a 
long-running test. See https://jestjs.io/docs/api#testname-fn-timeout."

    [0m [90m 134 |[39m     })[33m;[39m
     [90m 135 |[39m
    [31m[1m>[22m[39m[90m 136 |[39m     it([32m'should handle special 
characters in prompt'[39m[33m,[39m [36masync[39m () [33m=>[39m {
     [90m     |[39m     [31m[1m^[22m[39m
     [90m 137 |[39m       [36mconst[39m specialPrompt [33m=[39m 
[32m'┬┐Qu├⌐ es la IA? Σ╜áσÑ╜ ┘à╪▒╪¡╪¿╪º'[39m[33m;[39m
     [90m 138 |[39m
     [90m 139 |[39m       mockCreate[33m.[39mmockResolvedValue({[0m
  console.log

    [ai-provider-factory] AI provider reset
      at tests/unit/services/llm.service.test.ts:136:5

      at tests/unit/services/llm.service.test.ts:29:3
      at resetAIProvider (src/services/ai/providers/provider.factory.ts:68:11)
      at Object.<anonymous> (tests/unit/services/llm.service.test.ts:12:1)


  console.log
  ΓùÅ LLMService ΓÇ║ generateResponse ΓÇ║ should handle missing usage data 
gracefully
    [ai-provider-factory] AI provider reset


      at resetAIProvider (src/services/ai/providers/provider.factory.ts:68:11)
    thrown: "Exceeded timeout of 30000 ms for a test.

    Add a timeout value to this test to increase the timeout, if this is a 
long-running test. See https://jestjs.io/docs/api#testname-fn-timeout."
  console.log

    [0m [90m 152 |[39m     })[33m;[39m
    [ai-provider-factory] Initializing AI provider: mock
     [90m 153 |[39m
    [31m[1m>[22m[39m[90m 154 |[39m     it([32m'should handle missing 
usage data gracefully'[39m[33m,[39m [36masync[39m () [33m=>[39m {
     [90m     |[39m     [31m[1m^[22m[39m

      at getAIProvider (src/services/ai/providers/provider.factory.ts:37:11)
     [90m 155 |[39m       mockCreate[33m.[39mmockResolvedValue({
     [90m 156 |[39m         choices[33m:[39m [

     [90m 157 |[39m           {[0m
  console.log

      at tests/unit/services/llm.service.test.ts:154:5
    [ai-provider-factory] AI provider initialized: mock
      at tests/unit/services/llm.service.test.ts:29:3
      at Object.<anonymous> (tests/unit/services/llm.service.test.ts:12:1)

      at getAIProvider (src/services/ai/providers/provider.factory.ts:58:11)

  console.log

  ΓùÅ LLMService ΓÇ║ generateResponseStream ΓÇ║ should handle streaming 
responses
    [ai-provider-factory] AI provider reset


    thrown: "Exceeded timeout of 30000 ms for a test.
      at resetAIProvider (src/services/ai/providers/provider.factory.ts:68:11)

    Add a timeout value to this test to increase the timeout, if this is a 
long-running test. See https://jestjs.io/docs/api#testname-fn-timeout."

  console.log
    [0m [90m 171 |[39m
    [ai-provider-factory] Initializing AI provider: openai

      at getAIProvider (src/services/ai/providers/provider.factory.ts:37:11)
     [90m 172 |[39m   describe([32m'generateResponseStream'[39m[33m,[39m 
() [33m=>[39m {

    [31m[1m>[22m[39m[90m 173 |[39m     it([32m'should handle streaming 
responses'[39m[33m,[39m [36masync[39m () [33m=>[39m {
  console.log
     [90m     |[39m     [31m[1m^[22m[39m
     [90m 174 |[39m       [36mconst[39m chunks[33m:[39m string[] 
[33m=[39m [][33m;[39m
    Γ£à OpenAI client initialized

      at Function.getInstance (src/configurations/openai-config.ts:44:15)

  console.log
    [ai-provider-factory] AI provider initialized: openai

     [90m 175 |[39m       [36mconst[39m onChunk [33m=[39m 
(chunk[33m:[39m string) [33m=>[39m chunks[33m.[39mpush(chunk)[33m;[39m
      at getAIProvider (src/services/ai/providers/provider.factory.ts:58:11)

  console.log
     [90m 176 |[39m[0m

      at tests/unit/services/llm.service.test.ts:173:5
      at tests/unit/services/llm.service.test.ts:172:3
      at Object.<anonymous> (tests/unit/services/llm.service.test.ts:12:1)

    [ai-provider-factory] AI provider reset

      at resetAIProvider (src/services/ai/providers/provider.factory.ts:68:11)

  console.log
    [ai-provider-factory] Initializing AI provider: ollama

      at getAIProvider (src/services/ai/providers/provider.factory.ts:37:11)

  ΓùÅ LLMService ΓÇ║ edge cases ΓÇ║ should handle rate limit errors

    thrown: "Exceeded timeout of 30000 ms for a test.
    Add a timeout value to this test to increase the timeout, if this is a 
long-running test. See https://jestjs.io/docs/api#testname-fn-timeout."

    [0m [90m 208 |[39m     })[33m;[39m
     [90m 209 |[39m
    [31m[1m>[22m[39m[90m 210 |[39m     it([32m'should handle rate limit 
errors'[39m[33m,[39m [36masync[39m () [33m=>[39m {
     [90m     |[39m     [31m[1m^[22m[39m
  console.log
     [90m 211 |[39m       [36mconst[39m rateLimitError [33m=[39m 
[36mnew[39m [33mError[39m([32m'Rate limit exceeded'[39m)[33m;[39m
     [90m 212 |[39m       (rateLimitError [36mas[39m any)[33m.[39mstatus 
[33m=[39m [35m429[39m[33m;[39m
     [90m 213 |[39m[0m

      at tests/unit/services/llm.service.test.ts:210:5
    [ollama-provider] Initialized with chat model: llama3.2:3b, embedding model: nomic-embed-text

      at new OllamaProvider (src/services/ai/providers/ollama.provider.ts:44:13)

  console.log
      at tests/unit/services/llm.service.test.ts:194:3
      at Object.<anonymous> (tests/unit/services/llm.service.test.ts:12:1)

  ΓùÅ LLMService ΓÇ║ edge cases ΓÇ║ should handle authentication errors

    thrown: "Exceeded timeout of 30000 ms for a test.
    Add a timeout value to this test to increase the timeout, if this is a 
long-running test. See https://jestjs.io/docs/api#testname-fn-timeout."

    [0m [90m 217 |[39m     })[33m;[39m
    [ai-provider-factory] AI provider initialized: ollama

      at getAIProvider (src/services/ai/providers/provider.factory.ts:58:11)

  console.log
    [ai-provider-factory] AI provider reset
     [90m 218 |[39m
    [31m[1m>[22m[39m[90m 219 |[39m     it([32m'should handle 
authentication errors'[39m[33m,[39m [36masync[39m () [33m=>[39m {
     [90m     |[39m     [31m[1m^[22m[39m
     [90m 220 |[39m       [36mconst[39m authError [33m=[39m 
[36mnew[39m [33mError[39m([32m'Invalid API key'[39m)[33m;[39m
     [90m 221 |[39m       (authError [36mas[39m any)[33m.[39mstatus 
[33m=[39m [35m401[39m[33m;[39m

      at resetAIProvider (src/services/ai/providers/provider.factory.ts:68:11)

  console.log
    [ai-provider-factory] Initializing AI provider: openai

      at getAIProvider (src/services/ai/providers/provider.factory.ts:37:11)

  console.log
    [ai-provider-factory] AI provider initialized: openai

      at getAIProvider (src/services/ai/providers/provider.factory.ts:58:11)

     [90m 222 |[39m[0m

      at tests/unit/services/llm.service.test.ts:219:5
      at tests/unit/services/llm.service.test.ts:194:3
      at Object.<anonymous> (tests/unit/services/llm.service.test.ts:12:1)

PASS tests/integration/ai/ai-provider.test.ts
  AI Provider Factory
    Factory Selection
  console.log
    [ai-provider-factory] AI provider reset

      at resetAIProvider (src/services/ai/providers/provider.factory.ts:68:11)

  console.log
    [ai-provider-factory] Initializing AI provider: invalid-provider

      ΓêÜ should select mock provider when AI_PROVIDER=mock (21 ms)
      ΓêÜ should select openai provider when AI_PROVIDER=openai (48 ms)
      ΓêÜ should select ollama provider when AI_PROVIDER=ollama (16 ms)
      ΓêÜ should default to openai when AI_PROVIDER is not set (17 ms)
      ΓêÜ should throw error for invalid provider (45 ms)
      ΓêÜ should return provider info correctly (13 ms)
  MockAI Provider
    ΓêÜ should be available immediately (15 ms)
    ΓêÜ should generate embedding with 1536 dimensions (223 ms)
    ΓêÜ should generate embeddings in batch (19 ms)
    ΓêÜ should generate chat response (8 ms)
    ΓêÜ should classify document (12 ms)
    ΓêÜ should summarize document (5 ms)
    ΓêÜ should have consistent embedding dimensions (13 ms)
      at getAIProvider (src/services/ai/providers/provider.factory.ts:37:11)

  console.log

PASS tests/unit/configs/mongoAtlas.test.ts
  MongoDB Atlas Configuration
    connectToMongoAtlas (getDb)
    [ai-provider-factory] AI provider reset

      at resetAIProvider (src/services/ai/providers/provider.factory.ts:68:11)

  console.log
    [ai-provider-factory] Initializing AI provider: mock

      at getAIProvider (src/services/ai/providers/provider.factory.ts:37:11)

      ΓêÜ should connect successfully with valid URI (78 ms)
      ΓêÜ should throw error when URI is not configured (21 ms)
      ΓêÜ should throw error with empty URI (7 ms)
  console.log
    [ai-provider-factory] AI provider initialized: mock

      at getAIProvider (src/services/ai/providers/provider.factory.ts:58:11)

  console.log
    [ai-provider-factory] AI provider reset

      at resetAIProvider (src/services/ai/providers/provider.factory.ts:68:11)

  console.log
    [ai-provider-factory] AI provider reset
      ΓêÜ should handle connection errors gracefully (55 ms)
      ΓêÜ should reject whitespace-only URI (4 ms)
    getClient (getClient/getDb)
      ΓêÜ should throw error when accessing client before connection (5 ms)
    closeAtlasConnection
      ΓêÜ should handle disconnect when not connected (17 ms)
      ΓêÜ should handle disconnect errors gracefully (37 ms)

PASS tests/unit/middlewares/role.middleware.test.ts
  requireAdmin middleware
    ΓêÜ returns 403 when no user present (117 ms)
    ΓêÜ returns 403 when user is not admin (3 ms)
    ΓêÜ calls next without error when user is admin (3 ms)


      at resetAIProvider (src/services/ai/providers/provider.factory.ts:68:11)

  console.log
    [ai-provider-factory] Initializing AI provider: mock

      at getAIProvider (src/services/ai/providers/provider.factory.ts:37:11)

  console.log
    [ai-provider-factory] AI provider initialized: mock

      at getAIProvider (src/services/ai/providers/provider.factory.ts:58:11)

PASS tests/unit/socket/socket.test.ts
  socket/socket (unit)
  console.log
    [ai-provider-factory] Provider mock is available

      at checkAIProviderAvailability (src/services/ai/providers/provider.factory.ts:87:13)

  console.log
    ΓêÜ initSocket returns singleton instance on repeated calls (9 ms)
    [atlas] Connecting to MongoDB Atlas...

    ΓêÜ CORS origin callback allows when origin is missing (6 ms)
    ΓêÜ CORS blocks when ALLOWED_ORIGINS empty and origin present (5 ms)
      at getDb (src/configurations/database-config/mongoAtlas.ts:52:13)
    ΓêÜ CORS allows when origin is in ALLOWED_ORIGINS (12 ms)
    ΓêÜ CORS blocks when origin not in ALLOWED_ORIGINS (6 ms)

    ΓêÜ auth middleware rejects when no token present (6 ms)
    ΓêÜ auth middleware rejects when token invalid (jwt.verify throws) (8 ms)
    ΓêÜ auth middleware rejects when JWT_SECRET missing (treated as invalid 
token) (8 ms)
  console.log
    [atlas] MongoDB Atlas connected successfully

    ΓêÜ extracts token from Authorization Bearer, sets socket.data.userId, 
allows (32 ms)
    ΓêÜ extracts token from handshake.auth.token (9 ms)
    ΓêÜ extracts token from cookie header (5 ms)
      at getDb (src/configurations/database-config/mongoAtlas.ts:71:13)
    ΓêÜ on connection: joins user room and emits socket:connected (8 ms)
    ΓêÜ emitToUser is safe when io not initialized (11 ms)
    ΓêÜ emitToUser emits to user room after init (9 ms)
    ΓêÜ emitToOrg emits to org room after init (6 ms)


  console.log
    [atlas] Connecting to MongoDB Atlas...

      at getDb (src/configurations/database-config/mongoAtlas.ts:52:13)

  console.error
    [atlas] MongoDB Atlas connection error: Connection failed

    [0m [90m 28 |[39m     [36mreturn[39m[33m;[39m [90m// suppress in tests[39m
     [90m 29 |[39m   }
    [31m[1m>[22m[39m[90m 30 |[39m   originalConsoleError([33m...[39margs)[33m;[39m
     [90m    |[39m   [31m[1m^[22m[39m
     [90m 31 |[39m }[33m;[39m
     [90m 32 |[39m
     [90m 33 |[39m [90m// Mock email service to avoid real SMTP attempts during tests[39m[0m

PASS tests/integration/controllers/notification.controller.test.ts
  notification.controller (unit)
    list
      ΓêÜ parses query params (defaults) and returns payload (6 ms)
      ΓêÜ parses query params (unread=true, limit, skip, organizationId) (5 ms)
      ΓêÜ passes errors to next() (4 ms)
    markRead
      ΓêÜ returns 400 when id missing (18 ms)
      ΓêÜ marks notification as read (7 ms)
      ΓêÜ passes errors to next() (6 ms)
    markAllRead
      ΓêÜ uses organizationId from body if provided (8 ms)
      at console.Object.<anonymous>.console.error (tests/jest.setup.ts:30:3)
      at getDb (src/configurations/database-config/mongoAtlas.ts:76:13)
      at Object.<anonymous> (tests/unit/configs/mongoAtlas.test.ts:82:7)
      ΓêÜ passes undefined organizationId when body missing (4 ms)
      ΓêÜ passes errors to next() (17 ms)

  console.log
    [atlas] Connecting to MongoDB Atlas...

      at getDb (src/configurations/database-config/mongoAtlas.ts:52:13)

  console.log
    [atlas] MongoDB Atlas connected successfully

      at getDb (src/configurations/database-config/mongoAtlas.ts:71:13)


  console.error
    [atlas] Error closing MongoDB Atlas connection: Close failed

    [0m [90m 28 |[39m     [36mreturn[39m[33m;[39m [90m// suppress in tests[39m
     [90m 29 |[39m   }
    [31m[1m>[22m[39m[90m 30 |[39m   originalConsoleError([33m...[39margs)[33m;[39m
     [90m    |[39m   [31m[1m^[22m[39m
     [90m 31 |[39m }[33m;[39m
     [90m 32 |[39m
     [90m 33 |[39m [90m// Mock email service to avoid real SMTP attempts during tests[39m[0m

      at console.Object.<anonymous>.console.error (tests/jest.setup.ts:30:3)
      at closeAtlasConnection (src/configurations/database-config/mongoAtlas.ts:97:15)
      at Object.<anonymous> (tests/unit/configs/mongoAtlas.test.ts:137:7)

  console.log
    Γ£à Document indexed: d1

      at Object.indexDocument (src/services/search.service.ts:76:13)

  console.log
    Γ£à Document indexed: d2

      at Object.indexDocument (src/services/search.service.ts:76:13)

  console.log
    Γ£à Document indexed: d3

      at Object.indexDocument (src/services/search.service.ts:76:13)

  console.warn
    ΓÜá∩╕Å  Document not found in index: d1

    [0m [90m  96 |[39m   } [36mcatch[39m (error[33m:[39m any) {
     [90m  97 |[39m     [36mif[39m (error[33m.[39mmeta[33m?[39m[33m.[39mstatusCode [33m===[39m [35m404[39m) {
    [31m[1m>[22m[39m[90m  98 |[39m       console[33m.[39mwarn([32m`ΓÜá∩╕Å  Document not found in index: ${documentId}`[39m)[33m;[39m
     [90m     |[39m               [31m[1m^[22m[39m
     [90m  99 |[39m     } [36melse[39m {
     [90m 100 |[39m       console[33m.[39merror([32m`Γ¥î Error removing document from index:`[39m[33m,[39m error[33m.[39mmessage)[33m;[39m
     [90m 101 |[39m       [36mthrow[39m error[33m;[39m[0m

      at Object.removeDocumentFromIndex (src/services/search.service.ts:98:15)
      at Object.<anonymous> (tests/unit/services/search.service.test.ts:114:5)

PASS tests/unit/services/search.service.test.ts
  search.service
    ΓêÜ indexDocument calls client.index (19 ms)
    ΓêÜ indexDocument includes content field when extractedText is provided 
(15 ms)
    ΓêÜ indexDocument sets content to null when no extractedText provided (5 
ms)
    ΓêÜ removeDocumentFromIndex handles 404 gracefully (13 ms)
    ΓêÜ searchDocuments maps hits to results (4 ms)
    ΓêÜ getAutocompleteSuggestions deduplicates and returns strings (9 ms)

PASS tests/unit/services/jwt.service.test.ts
  JWT Service
    signToken
      ΓêÜ should generate a valid token (29 ms)
      ΓêÜ token should contain tokenCreatedAt (9 ms)
    verifyToken
      ΓêÜ should verify a valid token (12 ms)
      ΓêÜ should throw error with invalid token (35 ms)
      ΓêÜ should throw error with empty token (3 ms)

PASS tests/unit/middlewares/upload.middleware.test.ts
  upload.middleware
    ΓêÜ fileFilter allows known mimetype (7 ms)
    ΓêÜ fileFilter rejects unknown mimetype (3 ms)
    ΓêÜ generateFilename returns safe name for valid originalname (3 ms)
    ΓêÜ generateFilename errors on invalid extension (12 ms)

PASS tests/unit/email.service.test.ts
  emailService
    ΓêÜ succeeds when transporter.sendMail resolves (15 ms)
    ΓêÜ throws when transporter.sendMail rejects (14 ms)

PASS tests/unit/services/prompt.builder.test.ts
  Prompt Builder
    buildPrompt
      ΓêÜ should build a valid RAG prompt with context (6 ms)
      ΓêÜ should number chunks sequentially (17 ms)
      ΓêÜ should include instructions to answer based on context (5 ms)
      ΓêÜ should handle empty chunks array (29 ms)
      ΓêÜ should handle single chunk (3 ms)
      ΓêÜ should handle chunks with special characters (2 ms)
      ΓêÜ should handle very long chunks (2 ms)
      ΓêÜ should handle multilingual content (4 ms)
      ΓêÜ should maintain chunk order (5 ms)
      ΓêÜ should handle chunks with markdown-like content (4 ms)

  console.log
    Γ£à Document indexed: d2

      at Object.indexDocument (src/services/search.service.ts:76:13)

PASS tests/unit/services/search.index-null.test.ts
  search.service - indexDocument null fields
    ΓêÜ indexDocument handles null organization and folder (11 ms)

PASS tests/unit/utils/url-validator.test.ts
  url-validator utilities
    ΓêÜ rejects invalid URL format (7 ms)
    ΓêÜ detects blocked domain and private IPs (10 ms)
    ΓêÜ detects blocked ports (6 ms)
    ΓêÜ validateUrlOrThrow throws on invalid (30 ms)
    ΓêÜ validateMultipleUrls and areAllUrlsValid (4 ms)
    ΓêÜ sanitizeUrl removes credentials and hash (3 ms)
    ΓêÜ extractBaseDomain returns hostname (2 ms)

PASS tests/unit/utils/chunking.util.test.ts
  Chunking Utility
    splitIntoChunks
      ΓêÜ should split text into chunks by default target size (9 ms)
      ΓêÜ should respect custom target word count (22 ms)
      ΓêÜ should return single chunk for short text (3 ms)
      ΓêÜ should preserve paragraph boundaries when possible (7 ms)
      ΓêÜ should handle text with no paragraphs (7 ms)
      ΓêÜ should handle empty text (2 ms)
      ΓêÜ should handle whitespace-only text (2 ms)
      ΓêÜ should preserve sentence structure when splitting (3 ms)
      ΓêÜ should handle very long single paragraphs (6 ms)
      ΓêÜ should handle text with mixed content (3 ms)

  console.log
    Γ£à Loaded environment from .env.example

      at loadEnv (src/configurations/env-config.ts:38:17)

  console.log
    Γ£à Loaded environment from .env

      at loadEnv (src/configurations/env-config.ts:38:17)

PASS tests/unit/configs/configs.test.ts
  env-config utilities
    ΓêÜ getEnv returns default when not set and requireEnv throws (20 ms)
    ΓêÜ getEnvBool and getEnvNumber parse values (7 ms)
  elasticsearch-config
    ΓêÜ initializes client and can create index (4 ms)

  console.log
    Γ£à Document indexed: doc1

      at Object.indexDocument (src/services/search.service.ts:76:13)

  console.log
    Γ£à Document removed from index: missing-id

      at Object.removeDocumentFromIndex (src/services/search.service.ts:95:13)

PASS tests/unit/services/search.service.extended.test.ts
  SearchService - Extended Coverage
    ΓêÜ indexes and removes without throwing on 404 (17 ms)
    ΓêÜ searchDocuments returns mapped results and respects filters (14 ms)
    ΓêÜ getAutocompleteSuggestions dedupes and returns strings (4 ms)

PASS tests/unit/middlewares/csrf.middleware.test.ts
  csrf.middleware
    ΓêÜ skips protection for excluded routes (10 ms)
    ΓêÜ calls doubleCsrfProtection for non-excluded routes (5 ms)

PASS tests/unit/services/auth.email.test.ts
  Auth Service - email branches
    ΓêÜ registerUser sends confirmation email when enabled (16 ms)
    ΓêÜ registerUser swallows email errors and still returns user (7 ms)

FAIL tests/unit/services/rag.service.test.ts
  ΓùÅ Test suite failed to run

    [96mtests/unit/services/rag.service.test.ts[0m:[93m61[0m:[93m62[0m - 
[91merror[0m[90m TS2345: [0mArgument of type 'number' is not assignable to 
parameter of type 'string'.

    [7m61[0m       const results = await ragService.search('What is AI?', 5);
    [7m  [0m [91m                                                           
  ~[0m
    [96mtests/unit/services/rag.service.test.ts[0m:[93m79[0m:[93m64[0m - 
[91merror[0m[90m TS2345: [0mArgument of type 'number' is not assignable to 
parameter of type 'string'.

    [7m79[0m       const results = await ragService.search('Obscure query', 
5);
    [7m  [0m [91m                                                           
    ~[0m
    [96mtests/unit/services/rag.service.test.ts[0m:[93m93[0m:[93m39[0m - 
[91merror[0m[90m TS2345: [0mArgument of type 'number' is not assignable to 
parameter of type 'string'.

    [7m93[0m       await ragService.search('Test', 10);
    [7m  [0m [91m                                      ~~[0m
    [96mtests/unit/services/rag.service.test.ts[0m:[93m108[0m:[93m46[0m 
- [91merror[0m[90m TS2345: [0mArgument of type 'number' is not assignable 
to parameter of type 'string'.

    [7m108[0m       await expect(ragService.search('Test', 
5)).rejects.toThrow(HttpError);
    [7m   [0m [91m                                             ~[0m
    [96mtests/unit/services/rag.service.test.ts[0m:[93m120[0m:[93m46[0m 
- [91merror[0m[90m TS2345: [0mArgument of type 'number' is not assignable 
to parameter of type 'string'.

    [7m120[0m       await expect(ragService.search('Test', 
5)).rejects.toThrow(HttpError);
    [7m   [0m [91m                                             ~[0m
    [96mtests/unit/services/rag.service.test.ts[0m:[93m132[0m:[93m39[0m 
- [91merror[0m[90m TS2345: [0mArgument of type 'number' is not assignable 
to parameter of type 'string'.

    [7m132[0m       await ragService.search('Test', 5);
    [7m   [0m [91m                                      ~[0m
    [96mtests/unit/services/rag.service.test.ts[0m:[93m160[0m:[93m76[0m 
- [91merror[0m[90m TS2345: [0mArgument of type 'number' is not assignable 
to parameter of type 'string'.

    [7m160[0m       const results = await 
ragService.searchInDocument('Query', 'doc123', 5);
    [7m   [0m [91m                                                          
                 ~[0m
    [96mtests/unit/services/rag.service.test.ts[0m:[93m181[0m:[93m79[0m 
- [91merror[0m[90m TS2345: [0mArgument of type 'number' is not assignable 
to parameter of type 'string'.

    [7m181[0m       const results = await 
ragService.searchInDocument('Query', 'empty-doc', 5);
    [7m   [0m [91m                                                          
                    ~[0m
    [96mtests/unit/services/rag.service.test.ts[0m:[93m213[0m:[93m69[0m 
- [91merror[0m[90m TS2345: [0mArgument of type 'number' is not assignable 
to parameter of type 'string'.

    [7m213[0m       const result = await ragService.answerQuestion('What is 
AI?', 5);
    [7m   [0m [91m                                                          
          ~[0m
    [96mtests/unit/services/rag.service.test.ts[0m:[93m237[0m:[93m74[0m 
- [91merror[0m[90m TS2345: [0mArgument of type 'number' is not assignable 
to parameter of type 'string'.

    [7m237[0m       const result = await ragService.answerQuestion('Obscure 
question', 5);
    [7m   [0m [91m                                                          
               ~[0m
    [96mtests/unit/services/rag.service.test.ts[0m:[93m260[0m:[93m55[0m 
- [91merror[0m[90m TS2345: [0mArgument of type 'number' is not assignable 
to parameter of type 'string'.

    [7m260[0m       await expect(ragService.answerQuestion('Test?', 
5)).rejects.toThrow(HttpError);
    [7m   [0m [91m                                                      
~[0m
    [96mtests/unit/services/rag.service.test.ts[0m:[93m291[0m:[93m9[0m - 
[91merror[0m[90m TS2345: [0mArgument of type 'number' is not assignable to 
parameter of type 'string'.

    [7m291[0m         5
    [7m   [0m [91m        ~[0m
    [96mtests/unit/services/rag.service.test.ts[0m:[93m315[0m:[93m86[0m 
- [91merror[0m[90m TS2345: [0mArgument of type 'number' is not assignable 
to parameter of type 'string'.

    [7m315[0m       const result = await 
ragService.answerQuestionInDocument('Test?', 'empty-doc', 5);
    [7m   [0m [91m                                                          
                           ~[0m

FAIL tests/unit/services/document-processor.service.test.ts
  ΓùÅ Test suite failed to run

    [96mtests/unit/services/document-processor.service.test.ts[0m:[93m59[0m
:[93m46[0m - [91merror[0m[90m TS2554: [0mExpected 3 arguments, but got 2.

    [7m59[0m       const result = await 
documentProcessor.processDocument('doc123', text);
    [7m  [0m [91m                                             
~~~~~~~~~~~~~~~[0m

      
[96msrc/services/document-processor.service.ts[0m:[93m39[0m:[93m5[0m
        [7m39[0m     text: string
        [7m  [0m [96m    ~~~~~~~~~~~~[0m
        An argument for 'text' was not provided.
    [96mtests/unit/services/document-processor.service.test.ts[0m:[93m68[0m
:[93m38[0m - [91merror[0m[90m TS2554: [0mExpected 3 arguments, but got 2.

    [7m68[0m       await expect(documentProcessor.processDocument('doc123', 
'')).rejects.toThrow(HttpError);
    [7m  [0m [91m                                     ~~~~~~~~~~~~~~~[0m

      
[96msrc/services/document-processor.service.ts[0m:[93m39[0m:[93m5[0m
        [7m39[0m     text: string
        [7m  [0m [96m    ~~~~~~~~~~~~[0m
        An argument for 'text' was not provided.
    [96mtests/unit/services/document-processor.service.test.ts[0m:[93m76[0m
:[93m38[0m - [91merror[0m[90m TS2554: [0mExpected 3 arguments, but got 2.

    [7m76[0m       await expect(documentProcessor.processDocument('doc123', 
text)).rejects.toThrow(HttpError);
    [7m  [0m [91m                                     ~~~~~~~~~~~~~~~[0m

      
[96msrc/services/document-processor.service.ts[0m:[93m39[0m:[93m5[0m
        [7m39[0m     text: string
        [7m  [0m [96m    ~~~~~~~~~~~~[0m
        An argument for 'text' was not provided.

Summary of all failing tests
FAIL tests/unit/controllers/ai.controller.test.ts (5.555 s)
  ΓùÅ AI Controller ΓÇ║ askQuestion ΓÇ║ should trim whitespace from question

    expect(jest.fn()).toHaveBeenCalledWith(...expected)

    Expected: "  What is AI?  "
    Received: "  What is AI?  ", "org123"

    Number of calls: 1

    [0m [90m 138 |[39m       [36mawait[39m 
aiController[33m.[39maskQuestion(mockReq [36mas[39m 
[33mRequest[39m[33m,[39m mockRes [36mas[39m 
[33mResponse[39m[33m,[39m mockNext)[33m;[39m
     [90m 139 |[39m
    [31m[1m>[22m[39m[90m 140 |[39m       expect(ragService[33m.[39mansw
erQuestion)[33m.[39mtoHaveBeenCalledWith([32m'  What is AI?  
'[39m)[33m;[39m
     [90m     |[39m                                         
[31m[1m^[22m[39m
     [90m 141 |[39m     })[33m;[39m
     [90m 142 |[39m   })[33m;[39m
     [90m 143 |[39m[0m

      at Object.<anonymous> 
(tests/unit/controllers/ai.controller.test.ts:140:41)

FAIL tests/unit/services/llm.service.test.ts (252.142 s)
  ΓùÅ LLMService ΓÇ║ generateResponse ΓÇ║ should generate response for a prompt

    thrown: "Exceeded timeout of 30000 ms for a test.
    Add a timeout value to this test to increase the timeout, if this is a 
long-running test. See https://jestjs.io/docs/api#testname-fn-timeout."

    [0m [90m 28 |[39m
     [90m 29 |[39m   describe([32m'generateResponse'[39m[33m,[39m () 
[33m=>[39m {
    [31m[1m>[22m[39m[90m 30 |[39m     it([32m'should generate response 
for a prompt'[39m[33m,[39m [36masync[39m () [33m=>[39m {
     [90m    |[39m     [31m[1m^[22m[39m
     [90m 31 |[39m       mockCreate[33m.[39mmockResolvedValue({
     [90m 32 |[39m         choices[33m:[39m [
     [90m 33 |[39m           {[0m

      at tests/unit/services/llm.service.test.ts:30:5
      at tests/unit/services/llm.service.test.ts:29:3
      at Object.<anonymous> (tests/unit/services/llm.service.test.ts:12:1)

  ΓùÅ LLMService ΓÇ║ generateResponse ΓÇ║ should handle empty response from API

    expect(received).toBe(expected) // Object.is equality

    Expected: ""
    Received: "I'm ready to help. What kind of test would you like me to 
administer? Would you like a:┬╖
    1. Trivia test on a specific topic?
    2. Language proficiency test (e.g., grammar, vocabulary)?
    3. Logic or reasoning puzzle test?
    4. Something else?┬╖
    Let me know, and I'll do my best to create an engaging test for you!"

    [0m [90m 76 |[39m       [36mconst[39m result [33m=[39m 
[36mawait[39m llmService[33m.[39mgenerateResponse([32m'Test 
prompt'[39m)[33m;[39m
     [90m 77 |[39m
    [31m[1m>[22m[39m[90m 78 |[39m       
expect(result)[33m.[39mtoBe([32m''[39m)[33m;[39m
     [90m    |[39m                      [31m[1m^[22m[39m
     [90m 79 |[39m     })[33m;[39m
     [90m 80 |[39m
     [90m 81 |[39m     it([32m'should throw error when API 
fails'[39m[33m,[39m [36masync[39m () [33m=>[39m {[0m

      at Object.<anonymous> (tests/unit/services/llm.service.test.ts:78:22)

  ΓùÅ LLMService ΓÇ║ generateResponse ΓÇ║ should throw error when API fails

    expect(received).rejects.toThrow()

    Received promise resolved instead of rejected
    Resolved to value: "I'm ready to help. What would you like me to test? A 
language model, a chatbot, or something else?"

    [0m [90m 82 |[39m       
mockCreate[33m.[39mmockRejectedValue([36mnew[39m [33mError[39m([32m'API 
unavailable'[39m))[33m;[39m
     [90m 83 |[39m
    [31m[1m>[22m[39m[90m 84 |[39m       [36mawait[39m 
expect(llmService[33m.[39mgenerateResponse([32m'Test prompt'[39m))[33m.[3
9mrejects[33m.[39mtoThrow([33mHttpError[39m)[33m;[39m
     [90m    |[39m             [31m[1m^[22m[39m
     [90m 85 |[39m     })[33m;[39m
     [90m 86 |[39m
     [90m 87 |[39m     it([32m'should handle missing choices in 
response'[39m[33m,[39m [36masync[39m () [33m=>[39m {[0m

      at expect (node_modules/expect/build/index.js:113:15)
      at Object.<anonymous> (tests/unit/services/llm.service.test.ts:84:13)

  ΓùÅ LLMService ΓÇ║ generateResponse ΓÇ║ should handle missing choices in 
response

    expect(received).rejects.toThrow()

    Received promise resolved instead of rejected
    Resolved to value: "It looks like you're testing to make sure I'm working 
properly. Is there anything specific you'd like to chat about or ask for help 
with? I'm here to assist you!"

    [0m [90m 90 |[39m       })[33m;[39m
     [90m 91 |[39m
    [31m[1m>[22m[39m[90m 92 |[39m       [36mawait[39m expect(llmService
[33m.[39mgenerateResponse([32m'Test'[39m))[33m.[39mrejects[33m.[39mtoTh
row(
     [90m    |[39m             [31m[1m^[22m[39m
     [90m 93 |[39m         [32m'Empty response from OpenAI API'[39m
     [90m 94 |[39m       )[33m;[39m
     [90m 95 |[39m     })[33m;[39m[0m

      at expect (node_modules/expect/build/index.js:113:15)
      at Object.<anonymous> (tests/unit/services/llm.service.test.ts:92:13)

  ΓùÅ LLMService ΓÇ║ generateResponse ΓÇ║ should handle long prompts

    thrown: "Exceeded timeout of 30000 ms for a test.
    Add a timeout value to this test to increase the timeout, if this is a 
long-running test. See https://jestjs.io/docs/api#testname-fn-timeout."

    [0m [90m  95 |[39m     })[33m;[39m
     [90m  96 |[39m
    [31m[1m>[22m[39m[90m  97 |[39m     it([32m'should handle long 
prompts'[39m[33m,[39m [36masync[39m () [33m=>[39m {
     [90m     |[39m     [31m[1m^[22m[39m
     [90m  98 |[39m       [36mconst[39m longPrompt [33m=[39m [32m'word 
'[39m[33m.[39mrepeat([35m5000[39m)[33m;[39m
     [90m  99 |[39m
     [90m 100 |[39m       mockCreate[33m.[39mmockResolvedValue({[0m

      at tests/unit/services/llm.service.test.ts:97:5
      at tests/unit/services/llm.service.test.ts:29:3
      at Object.<anonymous> (tests/unit/services/llm.service.test.ts:12:1)

  ΓùÅ LLMService ΓÇ║ generateResponse ΓÇ║ should use correct temperature 
setting

    thrown: "Exceeded timeout of 30000 ms for a test.
    Add a timeout value to this test to increase the timeout, if this is a 
long-running test. See https://jestjs.io/docs/api#testname-fn-timeout."

    [0m [90m 114 |[39m     })[33m;[39m
     [90m 115 |[39m
    [31m[1m>[22m[39m[90m 116 |[39m     it([32m'should use correct 
temperature setting'[39m[33m,[39m [36masync[39m () [33m=>[39m {
     [90m     |[39m     [31m[1m^[22m[39m
     [90m 117 |[39m       mockCreate[33m.[39mmockResolvedValue({
     [90m 118 |[39m         choices[33m:[39m [
     [90m 119 |[39m           {[0m

      at tests/unit/services/llm.service.test.ts:116:5
      at tests/unit/services/llm.service.test.ts:29:3
      at Object.<anonymous> (tests/unit/services/llm.service.test.ts:12:1)

  ΓùÅ LLMService ΓÇ║ generateResponse ΓÇ║ should handle special characters in 
prompt

    thrown: "Exceeded timeout of 30000 ms for a test.
    Add a timeout value to this test to increase the timeout, if this is a 
long-running test. See https://jestjs.io/docs/api#testname-fn-timeout."

    [0m [90m 134 |[39m     })[33m;[39m
     [90m 135 |[39m
    [31m[1m>[22m[39m[90m 136 |[39m     it([32m'should handle special 
characters in prompt'[39m[33m,[39m [36masync[39m () [33m=>[39m {
     [90m     |[39m     [31m[1m^[22m[39m
     [90m 137 |[39m       [36mconst[39m specialPrompt [33m=[39m 
[32m'┬┐Qu├⌐ es la IA? Σ╜áσÑ╜ ┘à╪▒╪¡╪¿╪º'[39m[33m;[39m
     [90m 138 |[39m
     [90m 139 |[39m       mockCreate[33m.[39mmockResolvedValue({[0m

      at tests/unit/services/llm.service.test.ts:136:5
      at tests/unit/services/llm.service.test.ts:29:3
      at Object.<anonymous> (tests/unit/services/llm.service.test.ts:12:1)

  ΓùÅ LLMService ΓÇ║ generateResponse ΓÇ║ should handle missing usage data 
gracefully

    thrown: "Exceeded timeout of 30000 ms for a test.
    Add a timeout value to this test to increase the timeout, if this is a 
long-running test. See https://jestjs.io/docs/api#testname-fn-timeout."

    [0m [90m 152 |[39m     })[33m;[39m
     [90m 153 |[39m
    [31m[1m>[22m[39m[90m 154 |[39m     it([32m'should handle missing 
usage data gracefully'[39m[33m,[39m [36masync[39m () [33m=>[39m {
     [90m     |[39m     [31m[1m^[22m[39m
     [90m 155 |[39m       mockCreate[33m.[39mmockResolvedValue({
     [90m 156 |[39m         choices[33m:[39m [
     [90m 157 |[39m           {[0m

      at tests/unit/services/llm.service.test.ts:154:5
      at tests/unit/services/llm.service.test.ts:29:3
      at Object.<anonymous> (tests/unit/services/llm.service.test.ts:12:1)

  ΓùÅ LLMService ΓÇ║ generateResponseStream ΓÇ║ should handle streaming 
responses

    thrown: "Exceeded timeout of 30000 ms for a test.
    Add a timeout value to this test to increase the timeout, if this is a 
long-running test. See https://jestjs.io/docs/api#testname-fn-timeout."

    [0m [90m 171 |[39m
     [90m 172 |[39m   describe([32m'generateResponseStream'[39m[33m,[39m 
() [33m=>[39m {
    [31m[1m>[22m[39m[90m 173 |[39m     it([32m'should handle streaming 
responses'[39m[33m,[39m [36masync[39m () [33m=>[39m {
     [90m     |[39m     [31m[1m^[22m[39m
     [90m 174 |[39m       [36mconst[39m chunks[33m:[39m string[] 
[33m=[39m [][33m;[39m
     [90m 175 |[39m       [36mconst[39m onChunk [33m=[39m 
(chunk[33m:[39m string) [33m=>[39m chunks[33m.[39mpush(chunk)[33m;[39m
     [90m 176 |[39m[0m

      at tests/unit/services/llm.service.test.ts:173:5
      at tests/unit/services/llm.service.test.ts:172:3
      at Object.<anonymous> (tests/unit/services/llm.service.test.ts:12:1)

  ΓùÅ LLMService ΓÇ║ edge cases ΓÇ║ should handle rate limit errors

    thrown: "Exceeded timeout of 30000 ms for a test.
    Add a timeout value to this test to increase the timeout, if this is a 
long-running test. See https://jestjs.io/docs/api#testname-fn-timeout."

    [0m [90m 208 |[39m     })[33m;[39m
     [90m 209 |[39m
    [31m[1m>[22m[39m[90m 210 |[39m     it([32m'should handle rate limit 
errors'[39m[33m,[39m [36masync[39m () [33m=>[39m {
     [90m     |[39m     [31m[1m^[22m[39m
     [90m 211 |[39m       [36mconst[39m rateLimitError [33m=[39m 
[36mnew[39m [33mError[39m([32m'Rate limit exceeded'[39m)[33m;[39m
     [90m 212 |[39m       (rateLimitError [36mas[39m any)[33m.[39mstatus 
[33m=[39m [35m429[39m[33m;[39m
     [90m 213 |[39m[0m

      at tests/unit/services/llm.service.test.ts:210:5
      at tests/unit/services/llm.service.test.ts:194:3
      at Object.<anonymous> (tests/unit/services/llm.service.test.ts:12:1)

  ΓùÅ LLMService ΓÇ║ edge cases ΓÇ║ should handle authentication errors

    thrown: "Exceeded timeout of 30000 ms for a test.
    Add a timeout value to this test to increase the timeout, if this is a 
long-running test. See https://jestjs.io/docs/api#testname-fn-timeout."

    [0m [90m 217 |[39m     })[33m;[39m
     [90m 218 |[39m
    [31m[1m>[22m[39m[90m 219 |[39m     it([32m'should handle 
authentication errors'[39m[33m,[39m [36masync[39m () [33m=>[39m {
     [90m     |[39m     [31m[1m^[22m[39m
     [90m 220 |[39m       [36mconst[39m authError [33m=[39m 
[36mnew[39m [33mError[39m([32m'Invalid API key'[39m)[33m;[39m
     [90m 221 |[39m       (authError [36mas[39m any)[33m.[39mstatus 
[33m=[39m [35m401[39m[33m;[39m
     [90m 222 |[39m[0m

      at tests/unit/services/llm.service.test.ts:219:5
      at tests/unit/services/llm.service.test.ts:194:3
      at Object.<anonymous> (tests/unit/services/llm.service.test.ts:12:1)

FAIL tests/unit/services/rag.service.test.ts
  ΓùÅ Test suite failed to run

    [96mtests/unit/services/rag.service.test.ts[0m:[93m61[0m:[93m62[0m - 
[91merror[0m[90m TS2345: [0mArgument of type 'number' is not assignable to 
parameter of type 'string'.

    [7m61[0m       const results = await ragService.search('What is AI?', 5);
    [7m  [0m [91m                                                           
  ~[0m
    [96mtests/unit/services/rag.service.test.ts[0m:[93m79[0m:[93m64[0m - 
[91merror[0m[90m TS2345: [0mArgument of type 'number' is not assignable to 
parameter of type 'string'.

    [7m79[0m       const results = await ragService.search('Obscure query', 
5);
    [7m  [0m [91m                                                           
    ~[0m
    [96mtests/unit/services/rag.service.test.ts[0m:[93m93[0m:[93m39[0m - 
[91merror[0m[90m TS2345: [0mArgument of type 'number' is not assignable to 
parameter of type 'string'.

    [7m93[0m       await ragService.search('Test', 10);
    [7m  [0m [91m                                      ~~[0m
    [96mtests/unit/services/rag.service.test.ts[0m:[93m108[0m:[93m46[0m 
- [91merror[0m[90m TS2345: [0mArgument of type 'number' is not assignable 
to parameter of type 'string'.

    [7m108[0m       await expect(ragService.search('Test', 
5)).rejects.toThrow(HttpError);
    [7m   [0m [91m                                             ~[0m
    [96mtests/unit/services/rag.service.test.ts[0m:[93m120[0m:[93m46[0m 
- [91merror[0m[90m TS2345: [0mArgument of type 'number' is not assignable 
to parameter of type 'string'.

    [7m120[0m       await expect(ragService.search('Test', 
5)).rejects.toThrow(HttpError);
    [7m   [0m [91m                                             ~[0m
    [96mtests/unit/services/rag.service.test.ts[0m:[93m132[0m:[93m39[0m 
- [91merror[0m[90m TS2345: [0mArgument of type 'number' is not assignable 
to parameter of type 'string'.

    [7m132[0m       await ragService.search('Test', 5);
    [7m   [0m [91m                                      ~[0m
    [96mtests/unit/services/rag.service.test.ts[0m:[93m160[0m:[93m76[0m 
- [91merror[0m[90m TS2345: [0mArgument of type 'number' is not assignable 
to parameter of type 'string'.

    [7m160[0m       const results = await 
ragService.searchInDocument('Query', 'doc123', 5);
    [7m   [0m [91m                                                          
                 ~[0m
    [96mtests/unit/services/rag.service.test.ts[0m:[93m181[0m:[93m79[0m 
- [91merror[0m[90m TS2345: [0mArgument of type 'number' is not assignable 
to parameter of type 'string'.

    [7m181[0m       const results = await 
ragService.searchInDocument('Query', 'empty-doc', 5);
    [7m   [0m [91m                                                          
                    ~[0m
    [96mtests/unit/services/rag.service.test.ts[0m:[93m213[0m:[93m69[0m 
- [91merror[0m[90m TS2345: [0mArgument of type 'number' is not assignable 
to parameter of type 'string'.

    [7m213[0m       const result = await ragService.answerQuestion('What is 
AI?', 5);
    [7m   [0m [91m                                                          
          ~[0m
    [96mtests/unit/services/rag.service.test.ts[0m:[93m237[0m:[93m74[0m 
- [91merror[0m[90m TS2345: [0mArgument of type 'number' is not assignable 
to parameter of type 'string'.

    [7m237[0m       const result = await ragService.answerQuestion('Obscure 
question', 5);
    [7m   [0m [91m                                                          
               ~[0m
    [96mtests/unit/services/rag.service.test.ts[0m:[93m260[0m:[93m55[0m 
- [91merror[0m[90m TS2345: [0mArgument of type 'number' is not assignable 
to parameter of type 'string'.

    [7m260[0m       await expect(ragService.answerQuestion('Test?', 
5)).rejects.toThrow(HttpError);
    [7m   [0m [91m                                                      
~[0m
    [96mtests/unit/services/rag.service.test.ts[0m:[93m291[0m:[93m9[0m - 
[91merror[0m[90m TS2345: [0mArgument of type 'number' is not assignable to 
parameter of type 'string'.

    [7m291[0m         5
    [7m   [0m [91m        ~[0m
    [96mtests/unit/services/rag.service.test.ts[0m:[93m315[0m:[93m86[0m 
- [91merror[0m[90m TS2345: [0mArgument of type 'number' is not assignable 
to parameter of type 'string'.

    [7m315[0m       const result = await 
ragService.answerQuestionInDocument('Test?', 'empty-doc', 5);
    [7m   [0m [91m                                                          
                           ~[0m

FAIL tests/unit/services/document-processor.service.test.ts
  ΓùÅ Test suite failed to run

    [96mtests/unit/services/document-processor.service.test.ts[0m:[93m59[0m
:[93m46[0m - [91merror[0m[90m TS2554: [0mExpected 3 arguments, but got 2.

    [7m59[0m       const result = await 
documentProcessor.processDocument('doc123', text);
    [7m  [0m [91m                                             
~~~~~~~~~~~~~~~[0m

      
[96msrc/services/document-processor.service.ts[0m:[93m39[0m:[93m5[0m
        [7m39[0m     text: string
        [7m  [0m [96m    ~~~~~~~~~~~~[0m
        An argument for 'text' was not provided.
    [96mtests/unit/services/document-processor.service.test.ts[0m:[93m68[0m
:[93m38[0m - [91merror[0m[90m TS2554: [0mExpected 3 arguments, but got 2.

    [7m68[0m       await expect(documentProcessor.processDocument('doc123', 
'')).rejects.toThrow(HttpError);
    [7m  [0m [91m                                     ~~~~~~~~~~~~~~~[0m

      
[96msrc/services/document-processor.service.ts[0m:[93m39[0m:[93m5[0m
        [7m39[0m     text: string
        [7m  [0m [96m    ~~~~~~~~~~~~[0m
        An argument for 'text' was not provided.
    [96mtests/unit/services/document-processor.service.test.ts[0m:[93m76[0m
:[93m38[0m - [91merror[0m[90m TS2554: [0mExpected 3 arguments, but got 2.

    [7m76[0m       await expect(documentProcessor.processDocument('doc123', 
text)).rejects.toThrow(HttpError);
    [7m  [0m [91m                                     ~~~~~~~~~~~~~~~[0m

      
[96msrc/services/document-processor.service.ts[0m:[93m39[0m:[93m5[0m
        [7m39[0m     text: string
        [7m  [0m [96m    ~~~~~~~~~~~~[0m
        An argument for 'text' was not provided.


Test Suites: 4 failed, 65 passed, 69 total
Tests:       12 failed, 842 passed, 854 total
Snapshots:   0 total
Time:        491.491 s
Ran all test suites.

Jest has detected the following 7 open handles potentially keeping Jest from 
exiting:

  ΓùÅ  TCPWRAP

    [0m [90m 137 |[39m       console[33m.[39mlog([32m`[ollama-provider] 
Generating response with ${model}...`[39m)[33m;[39m
     [90m 138 |[39m
    [31m[1m>[22m[39m[90m 139 |[39m       [36mconst[39m response 
[33m=[39m [36mawait[39m 
[36mthis[39m[33m.[39mclient[33m.[39mgenerate({
     [90m     |[39m                                          
[31m[1m^[22m[39m
     [90m 140 |[39m         model[33m,[39m
     [90m 141 |[39m         prompt[33m:[39m 
prompt[33m.[39mtrim()[33m,[39m
     [90m 142 |[39m         system[33m:[39m 
systemMessage[33m?[39m[33m.[39mtrim()[33m,[39m[0m

      at fetchWithHeaders (node_modules/ollama/dist/browser.cjs:140:10)
      at post (node_modules/ollama/dist/browser.cjs:154:26)
      at Ollama.processStreamableRequest 
(node_modules/ollama/dist/browser.cjs:301:28)
      at Ollama.generate (node_modules/ollama/dist/browser.cjs:333:17)
      at OllamaProvider.generateResponse 
(src/services/ai/providers/ollama.provider.ts:139:42)
      at LlmService.generateResponse (src/services/ai/llm.service.ts:46:37)
      at Object.<anonymous> (tests/unit/services/llm.service.test.ts:84:31)


  ΓùÅ  TCPWRAP

    [0m [90m 137 |[39m       console[33m.[39mlog([32m`[ollama-provider] 
Generating response with ${model}...`[39m)[33m;[39m
     [90m 138 |[39m
    [31m[1m>[22m[39m[90m 139 |[39m       [36mconst[39m response 
[33m=[39m [36mawait[39m 
[36mthis[39m[33m.[39mclient[33m.[39mgenerate({
     [90m     |[39m                                          
[31m[1m^[22m[39m
     [90m 140 |[39m         model[33m,[39m
     [90m 141 |[39m         prompt[33m:[39m 
prompt[33m.[39mtrim()[33m,[39m
     [90m 142 |[39m         system[33m:[39m 
systemMessage[33m?[39m[33m.[39mtrim()[33m,[39m[0m

      at fetchWithHeaders (node_modules/ollama/dist/browser.cjs:140:10)
      at post (node_modules/ollama/dist/browser.cjs:154:26)
      at Ollama.processStreamableRequest 
(node_modules/ollama/dist/browser.cjs:301:28)
      at Ollama.generate (node_modules/ollama/dist/browser.cjs:333:17)
      at OllamaProvider.generateResponse 
(src/services/ai/providers/ollama.provider.ts:139:42)
      at LlmService.generateResponse (src/services/ai/llm.service.ts:46:37)
      at Object.<anonymous> (tests/unit/services/llm.service.test.ts:127:24)


  ΓùÅ  TCPWRAP

    [0m [90m 137 |[39m       console[33m.[39mlog([32m`[ollama-provider] 
Generating response with ${model}...`[39m)[33m;[39m
     [90m 138 |[39m
    [31m[1m>[22m[39m[90m 139 |[39m       [36mconst[39m response 
[33m=[39m [36mawait[39m 
[36mthis[39m[33m.[39mclient[33m.[39mgenerate({
     [90m     |[39m                                          
[31m[1m^[22m[39m
     [90m 140 |[39m         model[33m,[39m
     [90m 141 |[39m         prompt[33m:[39m 
prompt[33m.[39mtrim()[33m,[39m
     [90m 142 |[39m         system[33m:[39m 
systemMessage[33m?[39m[33m.[39mtrim()[33m,[39m[0m

      at fetchWithHeaders (node_modules/ollama/dist/browser.cjs:140:10)
      at post (node_modules/ollama/dist/browser.cjs:154:26)
      at Ollama.processStreamableRequest 
(node_modules/ollama/dist/browser.cjs:301:28)
      at Ollama.generate (node_modules/ollama/dist/browser.cjs:333:17)
      at OllamaProvider.generateResponse 
(src/services/ai/providers/ollama.provider.ts:139:42)
      at LlmService.generateResponse (src/services/ai/llm.service.ts:46:37)
      at Object.<anonymous> (tests/unit/services/llm.service.test.ts:149:39)


  ΓùÅ  TCPWRAP

    [0m [90m 137 |[39m       console[33m.[39mlog([32m`[ollama-provider] 
Generating response with ${model}...`[39m)[33m;[39m
     [90m 138 |[39m
    [31m[1m>[22m[39m[90m 139 |[39m       [36mconst[39m response 
[33m=[39m [36mawait[39m 
[36mthis[39m[33m.[39mclient[33m.[39mgenerate({
     [90m     |[39m                                          
[31m[1m^[22m[39m
     [90m 140 |[39m         model[33m,[39m
     [90m 141 |[39m         prompt[33m:[39m 
prompt[33m.[39mtrim()[33m,[39m
     [90m 142 |[39m         system[33m:[39m 
systemMessage[33m?[39m[33m.[39mtrim()[33m,[39m[0m

      at fetchWithHeaders (node_modules/ollama/dist/browser.cjs:140:10)
      at post (node_modules/ollama/dist/browser.cjs:154:26)
      at Ollama.processStreamableRequest 
(node_modules/ollama/dist/browser.cjs:301:28)
      at Ollama.generate (node_modules/ollama/dist/browser.cjs:333:17)
      at OllamaProvider.generateResponse 
(src/services/ai/providers/ollama.provider.ts:139:42)
      at LlmService.generateResponse (src/services/ai/llm.service.ts:46:37)
      at Object.<anonymous> (tests/unit/services/llm.service.test.ts:166:39)


  ΓùÅ  TCPWRAP

    [0m [90m 137 |[39m       console[33m.[39mlog([32m`[ollama-provider] 
Generating response with ${model}...`[39m)[33m;[39m
     [90m 138 |[39m
    [31m[1m>[22m[39m[90m 139 |[39m       [36mconst[39m response 
[33m=[39m [36mawait[39m 
[36mthis[39m[33m.[39mclient[33m.[39mgenerate({
     [90m     |[39m                                          
[31m[1m^[22m[39m
     [90m 140 |[39m         model[33m,[39m
     [90m 141 |[39m         prompt[33m:[39m 
prompt[33m.[39mtrim()[33m,[39m
     [90m 142 |[39m         system[33m:[39m 
systemMessage[33m?[39m[33m.[39mtrim()[33m,[39m[0m

      at fetchWithHeaders (node_modules/ollama/dist/browser.cjs:140:10)
      at post (node_modules/ollama/dist/browser.cjs:154:26)
      at Ollama.processStreamableRequest 
(node_modules/ollama/dist/browser.cjs:301:28)
      at Ollama.generate (node_modules/ollama/dist/browser.cjs:333:17)
      at OllamaProvider.generateResponse 
(src/services/ai/providers/ollama.provider.ts:139:42)
      at LlmService.generateResponseStream 
(src/services/ai/llm.service.ts:101:37)
      at Object.<anonymous> (tests/unit/services/llm.service.test.ts:187:39)


  ΓùÅ  TCPWRAP

    [0m [90m 137 |[39m       console[33m.[39mlog([32m`[ollama-provider] 
Generating response with ${model}...`[39m)[33m;[39m
     [90m 138 |[39m
    [31m[1m>[22m[39m[90m 139 |[39m       [36mconst[39m response 
[33m=[39m [36mawait[39m 
[36mthis[39m[33m.[39mclient[33m.[39mgenerate({
     [90m     |[39m                                          
[31m[1m^[22m[39m
     [90m 140 |[39m         model[33m,[39m
     [90m 141 |[39m         prompt[33m:[39m 
prompt[33m.[39mtrim()[33m,[39m
     [90m 142 |[39m         system[33m:[39m 
systemMessage[33m?[39m[33m.[39mtrim()[33m,[39m[0m

      at fetchWithHeaders (node_modules/ollama/dist/browser.cjs:140:10)
      at post (node_modules/ollama/dist/browser.cjs:154:26)
      at Ollama.processStreamableRequest 
(node_modules/ollama/dist/browser.cjs:301:28)
      at Ollama.generate (node_modules/ollama/dist/browser.cjs:333:17)
      at OllamaProvider.generateResponse 
(src/services/ai/providers/ollama.provider.ts:139:42)
      at LlmService.generateResponse (src/services/ai/llm.service.ts:46:37)
      at Object.<anonymous> (tests/unit/services/llm.service.test.ts:216:31)


  ΓùÅ  TCPWRAP

    [0m [90m 137 |[39m       console[33m.[39mlog([32m`[ollama-provider] 
Generating response with ${model}...`[39m)[33m;[39m
     [90m 138 |[39m
    [31m[1m>[22m[39m[90m 139 |[39m       [36mconst[39m response 
[33m=[39m [36mawait[39m 
[36mthis[39m[33m.[39mclient[33m.[39mgenerate({
     [90m     |[39m                                          
[31m[1m^[22m[39m
     [90m 140 |[39m         model[33m,[39m
     [90m 141 |[39m         prompt[33m:[39m 
prompt[33m.[39mtrim()[33m,[39m
     [90m 142 |[39m         system[33m:[39m 
systemMessage[33m?[39m[33m.[39mtrim()[33m,[39m[0m

      at fetchWithHeaders (node_modules/ollama/dist/browser.cjs:140:10)
      at post (node_modules/ollama/dist/browser.cjs:154:26)
      at Ollama.processStreamableRequest 
(node_modules/ollama/dist/browser.cjs:301:28)
      at Ollama.generate (node_modules/ollama/dist/browser.cjs:333:17)
      at OllamaProvider.generateResponse 
(src/services/ai/providers/ollama.provider.ts:139:42)
      at LlmService.generateResponse (src/services/ai/llm.service.ts:46:37)
      at Object.<anonymous> (tests/unit/services/llm.service.test.ts:225:31)

